[theporndude.com/index.html]
[porndeals.com/index.html]
[www.rabbitsreviews.com/index.html]
[backblue.gif]
[fade.gif]
[index.html]
[www.rabbitsreviews.com/test/labels.xml]
[www.rabbitsreviews.com/favicon.ico]
[www.rabbitsreviews.com/index.html]
[www.rabbitsreviews.com/images/90x90_mike.png]
[www.rabbitsreviews.com/WebMasters.html]
[www.rabbitsreviews.com/ContactUS.html]
[www.rabbitsreviews.com/rabbitsfaq.html]
[www.rabbitsreviews.com/images/splash/1.jpg]
[www.rabbitsreviews.com/hareald/index.html]
[www.rabbitsreviews.com/images/splash/5.jpg]
[www.rabbitsreviews.com/images/splash/3.jpg]
[www.rabbitsreviews.com/images/splash/2.jpg]
[www.rabbitsreviews.com/images/splash/4.jpg]
[porndeals.com/”https_/plus.google.com/+Porndeals”.1e.delayed]
[www.rabbitsreviews.com/images/splash/6.jpg]
[www.rabbitsreviews.com/images/splash/7.jpg]
[www.rabbitsreviews.com/images/xbiz-awards.png]
[porndeals.com/index.html]
[www.rabbitsreviews.com/SitesSearch9c78.html]
[browser-update.org/update.min.js]
[www.rabbitsreviews.com/c41/Live-Cam.html]
[www.rabbitsreviews.com/images/WeReviewIndependently.jpg]
[www.rabbitsreviews.com/images/WeUpdateConstantly.jpg]
[www.rabbitsreviews.com/images/WeListenToOurFans.jpg]
[www.rabbitsreviews.com/categories.html]
[www.rabbitsreviews.com/how-we-work.html]
[porndeals.com/static/images/icons/favicon.ico]
[porndeals.com/static/vendors/bootstrap/fonts/glyphicons-halflings-regular4985.eot]
[porndeals.com/static/vendors/bootstrap/fonts/glyphicons-halflings-regular070b.eot]
[porndeals.com/static/vendors/bootstrap/fonts/glyphicons-halflings-regular9cb4.woff]
[porndeals.com/static/vendors/bootstrap/fonts/glyphicons-halflings-regular9cb4.ttf]
[porndeals.com/static/images/star-rating6db6.png]
[porndeals.com/static/images/playboy-tv-logo493c.png]
[porndeals.com/static/images/loader2c54.gif]
[porndeals.com/static/images/hero-bgccef.jpg]
[porndeals.com/static/images/cross5ee5.png]
[porndeals.com/static/images/icons/social-buttons1f50.jpg]
[porndeals.com/static/images/american-flag7a0b.jpg]
[www.google-analytics.com/analytics.js]
[porndeals.com/static/images/slogan.png]
[porndeals.com/mofos-network/index.html]
[porndeals.com/media/special-offer/button/mofos-deal.gif]
[porndeals.com/static/images/logo.png]
[porndeals.com/genres/lifetime-discounts/index.html]
[porndeals.com/evil-angel/index.html]
[porndeals.com/static/images/favicon-webcamdeals.png]
[porndeals.com/genres/index.html]
[porndeals.com/static/images/favicon-gaydeals.png]
[porndeals.com/genres/vr-porn/index.html]
[porndeals.com/how-it-works/index.html]
[porndeals.com/media/deals/featured/evil-angel-discount_2WeU3Mp.jpg.1140x380_q100_crop-smart_s7Wdtoq.jpg.1140x380_q100_crop-smart.jpg]
[porndeals.com/media/deals/featured/bangbros-featured-discount_4QKBV80.jpg.1140x380_q100_crop-smart.jpg]
[porndeals.com/bangbros-network/index.html]
[porndeals.com/media/deals/featured/reality-kings-editors-discount_1jWP5JS.jpg.1140x380_q100_crop-smart.jpg]
[porndeals.com/media/deals/covers/bangbros_lcFrcXA.jpg.330x210_q85_crop-smart.jpg]
[porndeals.com/reality-kings/index.html]
[theporndude.com/index.html]
[maxcdn.bootstrapcdn.com/bootstrap/3.3.6/css/bootstrap.min.css]
[maxcdn.bootstrapcdn.com/font-awesome/4.6.3/css/font-awesome.min.css]
[www.rabbitsreviews.com/ver591ef180/css/024e985.css]
[www.googletagmanager.com/gtm5445.html]
[porndeals.com/team-skeet/index.html]
[www.rabbitsreviews.com/mystuff.aspx]
[porndeals.com/brazzers-network/index.html]
[porndeals.com/naughty-america-network/index.html]
[www.rabbitsreviews.com/WebMasters.html]
[porndeals.com/puba/index.html]
[porndeals.com/media/deals/covers/brazzers_TZaLSD8.jpg.330x210_q85_crop-smart.jpg]
[porndeals.com/media/deals/covers/evil-angel.jpg.330x210_q85_crop-smart.jpg]
[www.rabbitsreviews.com/ContactUS.html]
[porndeals.com/media/deals/covers/RK.jpg.330x210_q85_crop-smart.jpg]
[porndeals.com/media/deals/covers/teamskeet2.png.330x210_q85_crop-smart.jpg]
[porndeals.com/media/deals/covers/iktg_piper_perri_kd032815_0h36m00.320s.jpg.330x210_q85_crop-smart.jpg]
[www.rabbitsreviews.com/Default.aspx]
[porndeals.com/bad-daddy-pov/index.html]
[www.rabbitsreviews.com/Defaultb3a3.aspx]
[porndeals.com/media/deals/covers/naughty-america-mia.jpg.330x210_q85_crop-smart.jpg]
[porndeals.com/analized/index.html]
[www.rabbitsreviews.com/hareald/index.html]
[porndeals.com/devils-film/index.html]
[porndeals.com/media/deals/covers/puba-discount_bCdX1eg.jpg.330x210_q85_crop-smart.jpg]
[www.rabbitsreviews.com/images/xs-logo.svg]
[porndeals.com/family-strokes/index.html]
[www.rabbitsreviews.com/images/logo-gay.svg]
[porndeals.com/james-deen/index.html]
[porndeals.com/digital-playground/index.html]
[www.rabbitsreviews.com/images/logo.svg]
[porndeals.com/media/deals/covers/4.jpg.330x210_q85_crop-smart.jpg]
[porndeals.com/media/deals/covers/3.jpg.330x210_q85_crop-smart.jpg]
[porndeals.com/media/deals/covers/devilfilms.jpg.330x210_q85_crop-smart.jpg]
[www.rabbitsreviews.com/rabbitsfaq.html]
[porndeals.com/hentai-pros/index.html]
[porndeals.com/media/deals/covers/05.jpg.330x210_q85_crop-smart.jpg]
[www.rabbitsreviews.com/images/guarantee.svg]
[porndeals.com/fetish-network/index.html]
[porndeals.com/media/deals/covers/dp2.jpg.330x210_q85_crop-smart.jpg]
[www.rabbitsreviews.com/s5317/Brazzers-Network.html]
[porndeals.com/adult-com/index.html]
[porndeals.com/media/deals/covers/1.jpg.330x210_q85_crop-smart.jpg]
[www.rabbitsreviews.com/s11856/DDF-Network.html]
[porndeals.com/my-xxx-pass/index.html]
[porndeals.com/media/deals/covers/fetish-network.jpg.330x210_q85_crop-smart.jpg]
[www.rabbitsreviews.com/s4903/Reality-Kings.html]
[porndeals.com/twistys-network/index.html]
[porndeals.com/media/deals/covers/hentai-pros.jpg.330x210_q85_crop-smart.jpg]
[www.rabbitsreviews.com/s325/Nubilesnet.html]
[porndeals.com/wicked/index.html]
[porndeals.com/fakehub/index.html]
[www.rabbitsreviews.com/s8518/Fame-Digital.html]
[porndeals.com/media/deals/covers/adult-com-brazzers.jpg.330x210_q85_crop-smart.jpg]
[porndeals.com/media/deals/covers/twistys.jpg.330x210_q85_crop-smart.jpg]
[www.rabbitsreviews.com/s723/Private.html]
[porndeals.com/media/deals/covers/myxxxpass.jpg.330x210_q85_crop-smart.jpg]
[porndeals.com/sexyhub/index.html]
[www.rabbitsreviews.com/SitesSearch9c78.html]
[porndeals.com/porndoe-premium/index.html]
[porndeals.com/media/deals/covers/wicked.jpg.330x210_q85_crop-smart.jpg]
[www.rabbitsreviews.com/s9333/Streamate.html]
[porndeals.com/ddf-network/index.html]
[porndeals.com/media/deals/covers/taxi_fJfrO2f.jpg.330x210_q85_crop-smart.jpg]
[www.rabbitsreviews.com/s8911/My-Free-Cams.html]
[porndeals.com/media/deals/covers/sexyhub1.jpg.330x210_q85_crop-smart.jpg]
[porndeals.com/naughty-america-vr/index.html]
[www.rabbitsreviews.com/s25383/Jasmincom.html]
[porndeals.com/dark-x/index.html]
[porndeals.com/media/deals/covers/HandsOnHardcore.jpg.330x210_q85_crop-smart.jpg]
[www.rabbitsreviews.com/s1229/Im-Live.html]
[porndeals.com/adam-and-eve-tv/index.html]
[porndeals.com/media/deals/covers/thumbnail_PornDeals.jpg.330x210_q85_crop-smart.jpg]
[www.rabbitsreviews.com/s1326/Sexier.html]
[porndeals.com/media/deals/covers/naughty-america-vr.jpg.330x210_q85_crop-smart.jpg]
[porndeals.com/media/deals/covers/dark-x-casey-calvert.jpg.330x210_q85_crop-smart.jpg]
[www.rabbitsreviews.com/s8201/Sakura-Live.html]
[porndeals.com/girls-way/index.html]
[porndeals.com/media/deals/covers/adam-and-eve-tv.jpg.330x210_q85_crop-smart.jpg]
[www.rabbitsreviews.com/c41/Live-Cam.html]
[porndeals.com/wankz/index.html]
[porndeals.com/lubed/index.html]
[www.rabbitsreviews.com/c88/most-popular.html]
[porndeals.com/media/deals/covers/girls-way.jpg.330x210_q85_crop-smart.jpg]
[porndeals.com/wankz-vr/index.html]
[www.rabbitsreviews.com/c7/18-23.html]
[porndeals.com/jules-jordan/index.html]
[porndeals.com/media/deals/covers/wankzvr.jpg.330x210_q85_crop-smart.jpg]
[www.rabbitsreviews.com/c9/Lesbian.html]
[porndeals.com/badoink-vr/index.html]
[porndeals.com/media/deals/covers/wankz.jpg.330x210_q85_crop-smart.jpg]
[www.rabbitsreviews.com/c27/Mature.html]
[porndeals.com/erito-network/index.html]
[porndeals.com/real_teens_vr/index.html]
[www.rabbitsreviews.com/c32/Reality.html]
[porndeals.com/media/deals/covers/LUBED_08.jpg.330x210_q85_crop-smart.jpg]
[porndeals.com/pornpros-network/index.html]
[porndeals.com/media/deals/covers/unnamed_a9RomhW.jpg.330x210_q85_crop-smart.jpg]
[www.rabbitsreviews.com/c29/Shemale.html]
[porndeals.com/media/deals/covers/badoink_vr_august_ames_valentina_nappi_jaclyn_taylor.jpg.330x210_q85_crop-smart.jpg]
[porndeals.com/wtf-pass/index.html]
[www.rabbitsreviews.com/categories.html]
[porndeals.com/media/deals/covers/real_teens_vr.jpg.330x210_q85_crop-smart.jpg]
[porndeals.com/puffy-network/index.html]
[www.rabbitsreviews.com/how-we-work.html]
[porndeals.com/media/deals/covers/1671.jpg.330x210_q85_crop-smart.jpg]
[porndeals.com/metart/index.html]
[porndeals.com/”https_/plus.google.com/+Porndeals”.html]
[porndeals.com/media/deals/covers/sample_970x545_2.jpg.330x210_q85_crop-smart.jpg]
[porndeals.com/static/vendors/bootstrap/fonts/glyphicons-halflings-regulardbd9.html]
[porndeals.com/videosz/index.html]
[porndeals.com/static/vendors/bootstrap/fonts/glyphicons-halflings-regular9cb4.svg]
[porndeals.com/teens-love-black-cocks/index.html]
[porndeals.com/media/deals/covers/wnp.jpg.330x210_q85_crop-smart.jpg]
[porndeals.com/mofos-network/index.html]
[porndeals.com/videobox/index.html]
[porndeals.com/media/deals/covers/450x260.jpg.330x210_q85_crop-smart.jpg]
[porndeals.com/genres/lifetime-discounts/index.html]
[porndeals.com/media/deals/covers/metart2.jpg.330x210_q85_crop-smart.jpg]
[porndeals.com/bffs/index.html]
[porndeals.com/evil-angel/index.html]
[porndeals.com/media/deals/covers/videosz1.png.330x210_q85_crop-smart.jpg]
[porndeals.com/cherry-pimps/index.html]
[porndeals.com/genres/index.html]
[porndeals.com/media/deals/covers/Teens_love_black_cocks_-_cover.jpg.330x210_q85_crop-smart.jpg]
[porndeals.com/genres/vr-porn/index.html]
[porndeals.com/pornstar-platinum/index.html]
[porndeals.com/media/deals/covers/Videobox_-_cover.jpg.330x210_q85_crop-smart.jpg]
[porndeals.com/how-it-works/index.html]
[porndeals.com/penthouse/index.html]
[porndeals.com/media/deals/covers/BFFs_-_cover.jpg.330x210_q85_crop-smart.jpg]
[porndeals.com/bangbros-network/index.html]
[porndeals.com/media/deals/covers/14214_adrianachechik_148.jpg.330x210_q85_crop-smart.jpg]
[porndeals.com/female-fake-taxi/index.html]
[porndeals.com/reality-kings/index.html]
[porndeals.com/vivid/index.html]
[porndeals.com/media/deals/covers/platinumpornstar.jpg.330x210_q85_crop-smart.jpg]
[porndeals.com/brazzers-network/index.html]
[porndeals.com/kink/index.html]
[porndeals.com/media/deals/covers/Penthouse-cover.jpg.330x210_q85_crop-smart.jpg]
[porndeals.com/team-skeet/index.html]
[porndeals.com/babes/index.html]
[porndeals.com/hustler/index.html]
[porndeals.com/naughty-america-network/index.html]
[porndeals.com/media/deals/covers/femalefaketaxi.jpg.330x210_q85_crop-smart.jpg]
[porndeals.com/media/deals/covers/vivid-discount-thumb.jpg.330x210_q85_crop-smart.jpg]
[porndeals.com/puba/index.html]
[porndeals.com/nubile-films/index.html]
[porndeals.com/media/deals/covers/tiedupgaggedanal.jpg.330x210_q85_crop-smart.jpg]
[porndeals.com/analized/index.html]
[porndeals.com/jav-hd/index.html]
[porndeals.com/media/deals/covers/babes.jpg.330x210_q85_crop-smart.jpg]
[porndeals.com/bad-daddy-pov/index.html]
[porndeals.com/nubiles-porn/index.html]
[porndeals.com/media/deals/covers/unnamed.jpg.330x210_q85_crop-smart.jpg]
[porndeals.com/devils-film/index.html]
[porndeals.com/german-goo-girls/index.html]
[porndeals.com/media/deals/covers/nf.jpg.330x210_q85_crop-smart.jpg]
[porndeals.com/family-strokes/index.html]
[porndeals.com/hardx/index.html]
[porndeals.com/media/deals/covers/javhd.png.330x210_q85_crop-smart.jpg]
[porndeals.com/digital-playground/index.html]
[porndeals.com/snap-leaks/index.html]
[porndeals.com/media/deals/covers/slideshow1920.jpg.330x210_q85_crop-smart.jpg]
[porndeals.com/james-deen/index.html]
[porndeals.com/media/deals/covers/ggg.jpg.330x210_q85_crop-smart.jpg]
[porndeals.com/dagfs/index.html]
[porndeals.com/fetish-network/index.html]
[porndeals.com/666-bukkake/index.html]
[porndeals.com/media/deals/covers/hardx2.jpg.330x210_q85_crop-smart.jpg]
[porndeals.com/hentai-pros/index.html]
[porndeals.com/media/deals/covers/snapchat.jpg.330x210_q85_crop-smart.jpg]
[porndeals.com/media/deals/covers/666bukkake.jpg.330x210_q85_crop-smart.jpg]
[porndeals.com/adult-com/index.html]
[porndeals.com/anilos/index.html]
[porndeals.com/playboy-plus/index.html]
[porndeals.com/stiffia/index.html]
[porndeals.com/twistys-network/index.html]
[porndeals.com/media/deals/covers/dagfsj.jpg.330x210_q85_crop-smart.jpg]
[porndeals.com/playboy-tv/index.html]
[porndeals.com/my-xxx-pass/index.html]
[porndeals.com/media/deals/covers/anilos.jpg.330x210_q85_crop-smart.jpg]
[porndeals.com/media/deals/covers/stiffia-network-discount.jpg.330x210_q85_crop-smart.jpg]
[porndeals.com/wicked/index.html]
[porndeals.com/border-patrol-sex/index.html]
[porndeals.com/gf-revenge/index.html]
[porndeals.com/fakehub/index.html]
[porndeals.com/media/deals/covers/playboyplus.jpg.330x210_q85_crop-smart.jpg]
[porndeals.com/tainster-network/index.html]
[porndeals.com/sexyhub/index.html]
[porndeals.com/club-seventeen/index.html]
[porndeals.com/media/deals/covers/playboytv2.jpg.330x210_q85_crop-smart.jpg]
[porndeals.com/ddf-network/index.html]
[porndeals.com/media/deals/covers/Border_Patrol_Sex_discount.jpg.330x210_q85_crop-smart.jpg]
[porndeals.com/media/deals/covers/090.jpg.330x210_q85_crop-smart.jpg]
[porndeals.com/porndoe-premium/index.html]
[porndeals.com/21sextury-network/index.html]
[porndeals.com/vipissy/index.html]
[porndeals.com/naughty-america-vr/index.html]
[porndeals.com/free-teen-passport/index.html]
[porndeals.com/media/deals/covers/image_midi_8_2.jpg.330x210_q85_crop-smart.jpg]
[porndeals.com/dark-x/index.html]
[porndeals.com/media/deals/covers/tainster_1.jpg.330x210_q85_crop-smart.jpg]
[porndeals.com/free-hentai-passport/index.html]
[porndeals.com/adam-and-eve-tv/index.html]
[porndeals.com/lifeselector/index.html]
[porndeals.com/media/deals/covers/21sexturythumb.jpg.330x210_q85_crop-smart.jpg]
[porndeals.com/girls-way/index.html]
[porndeals.com/21naturals-network/index.html]
[porndeals.com/media/deals/covers/vipissy.jpg.330x210_q85_crop-smart.jpg]
[porndeals.com/wankz-vr/index.html]
[porndeals.com/media/deals/covers/sex1.jpg.330x210_q85_crop-smart.jpg]
[porndeals.com/21sextreme-network/index.html]
[porndeals.com/wankz/index.html]
[porndeals.com/media/deals/covers/102.jpg.330x210_q85_crop-smart.jpg]
[porndeals.com/media/deals/covers/D4_2.jpg.330x210_q85_crop-smart.jpg]
[porndeals.com/lubed/index.html]
[porndeals.com/mrskin/index.html]
[porndeals.com/beauty-and-the-senior/index.html]
[porndeals.com/jules-jordan/index.html]
[porndeals.com/media/deals/covers/21naturals_8.jpg.330x210_q85_crop-smart.jpg]
[porndeals.com/media/deals/covers/21sextreme.jpg.330x210_q85_crop-smart.jpg]
[porndeals.com/badoink-vr/index.html]
[porndeals.com/burning-angel/index.html]
[porndeals.com/media/deals/covers/mrskin_1.png.330x210_q85_crop-smart.jpg]
[porndeals.com/real_teens_vr/index.html]
[porndeals.com/free-asian-passport/index.html]
[porndeals.com/saboom-interactive/index.html]
[porndeals.com/erito-network/index.html]
[porndeals.com/about/index.html]
[porndeals.com/contact/index.html]
[porndeals.com/pornpros-network/index.html]
[porndeals.com/privacy/index.html]
[porndeals.com/media/deals/covers/old.jpg.330x210_q85_crop-smart.jpg]
[porndeals.com/puffy-network/index.html]
[porndeals.com/tos/index.html]
[porndeals.com/media/deals/covers/burningangel.jpg.330x210_q85_crop-smart.jpg]
[porndeals.com/wtf-pass/index.html]
[porndeals.com/add-program/index.html]
[porndeals.com/media/deals/covers/sex2.jpg.330x210_q85_crop-smart.jpg]
[porndeals.com/metart/index.html]
[porndeals.com/blog/index.html]
[ajax.googleapis.com/ajax/libs/jquery/2.1.3/jquery.min.js]
[porndeals.com/videosz/index.html]
[maxcdn.bootstrapcdn.com/bootstrap/3.3.4/js/bootstrap.min.js]
[apis.google.com/js/platform.js]
[porndeals.com/faq/index.html]
[porndeals.com/teens-love-black-cocks/index.html]
[porndeals.com/media/deals/covers/saboom-015.jpg.330x210_q85_crop-smart.jpg]
[porndeals.com/videobox/index.html]
[porndeals.com/media/special-offer/shadowbox/mofos-special-discount_wYM9seB.jpg]
[porndeals.com/bffs/index.html]
[porndeals.com/static/images/rapid-ssl-secure.gif]
[porndeals.com/static/images/rtalabel.png]
[porndeals.com/cherry-pimps/index.html]
[porndeals.com/static/images/playboy-tv-email-deal.png]
[theporndude.com/includes/images/thedudeog.png]
[porndeals.com/pornstar-platinum/index.html]
[theporndude.com/de.html]
[theporndude.com/includes/images/tpdfavicons/apple-touch-icon5e1f.png]
[porndeals.com/penthouse/index.html]
[theporndude.com/es.html]
[theporndude.com/includes/images/tpdfavicons/favicon-32x325e1f.png]
[porndeals.com/female-fake-taxi/index.html]
[theporndude.com/fr.html]
[theporndude.com/it.html]
[porndeals.com/vivid/index.html]
[theporndude.com/nl.html]
[theporndude.com/includes/images/tpdfavicons/favicon-16x165e1f.png]
[porndeals.com/kink/index.html]
[theporndude.com/pt.html]
[theporndude.com/no.html]
[porndeals.com/babes/index.html]
[theporndude.com/ro.html]
[theporndude.com/ru.html]
[porndeals.com/hustler/index.html]
[theporndude.com/tr.html]
[theporndude.com/includes/images/tpdfavicons/manifest5e1f.json]
[porndeals.com/nubile-films/index.html]
[theporndude.com/sv.html]
[theporndude.com/includes/images/tpdfavicons/browserconfig5e1f.xml]
[porndeals.com/jav-hd/index.html]
[theporndude.com/includes/images/tpdfavicons/favicon5e1f.ico]
[porndeals.com/nubiles-porn/index.html]
[porndeals.com/german-goo-girls/index.html]
[theporndude.com/includes/fonts/NexaBoldd41d.eot]
[theporndude.com/includes/fonts/NexaBold.woff]
[theporndude.com/blog/index.html]
[porndeals.com/hardx/index.html]
[theporndude.com/includes/fonts/NexaBold.ttf]
[porndeals.com/snap-leaks/index.html]
[theporndude.com/includes/images/mobile_menu.png]
[theporndude.com/includes/images/mobile_logo1e02.png]
[porndeals.com/666-bukkake/index.html]
[theporndude.com/566/pornhub.html]
[theporndude.com/top-porn-tube-sites.html]
[porndeals.com/dagfs/index.html]
[theporndude.com/495/porntube.html]
[theporndude.com/532/eporner.html]
[porndeals.com/anilos/index.html]
[theporndude.com/861/pornhd.html]
[theporndude.com/567/xhamster.html]
[porndeals.com/stiffia/index.html]
[theporndude.com/1116/porndig.html]
[theporndude.com/561/motherless.html]
[porndeals.com/playboy-plus/index.html]
[theporndude.com/562/gotporn.html]
[theporndude.com/564/redtube.html]
[porndeals.com/playboy-tv/index.html]
[theporndude.com/555/4tube.html]
[theporndude.com/494/vporn.html]
[porndeals.com/border-patrol-sex/index.html]
[theporndude.com/568/xvideos.html]
[theporndude.com/499/youporn.html]
[porndeals.com/gf-revenge/index.html]
[theporndude.com/559/beeg.html]
[theporndude.com/1037/collectionofporn.html]
[porndeals.com/club-seventeen/index.html]
[theporndude.com/524/spankbang.html]
[theporndude.com/849/3movs.html]
[porndeals.com/tainster-network/index.html]
[theporndude.com/565/tube8.html]
[theporndude.com/560/youjizz.html]
[porndeals.com/21sextury-network/index.html]
[theporndude.com/557/drtuber.html]
[theporndude.com/1100/txxx.html]
[porndeals.com/vipissy/index.html]
[theporndude.com/1216/faapy.html]
[theporndude.com/563/xnxx.html]
[porndeals.com/free-teen-passport/index.html]
[theporndude.com/500/cliphunter.html]
[theporndude.com/1367/sexix.html]
[porndeals.com/free-hentai-passport/index.html]
[theporndude.com/1397/porntrex.html]
[theporndude.com/1514/yourporn.html]
[porndeals.com/lifeselector/index.html]
[theporndude.com/1548/veporn.html]
[theporndude.com/1957/vrporn.html]
[porndeals.com/21naturals-network/index.html]
[theporndude.com/1861/bobs-tube.html]
[theporndude.com/1855/youfreeporntube.html]
[theporndude.com/includes/images/theporndudelogo1e02.png]
[porndeals.com/21sextreme-network/index.html]
[theporndude.com/1468/xxxstreams.html]
[porndeals.com/mrskin/index.html]
[theporndude.com/1761/pornhd3x.html]
[porndeals.com/beauty-and-the-senior/index.html]
[theporndude.com/511/fux.html]
[theporndude.com/1386/yespornplease.html]
[porndeals.com/burning-angel/index.html]
[theporndude.com/547/tnaflix.html]
[theporndude.com/includes/images/theporndude.png]
[theporndude.com/1560/pornhd5k.html]
[porndeals.com/free-asian-passport/index.html]
[theporndude.com/includes/images/bookme.png]
[theporndude.com/1963/sweext.html]
[theporndude.com/includes/images/icon_rating_on.png]
[porndeals.com/saboom-interactive/index.html]
[theporndude.com/1749/vidz7.html]
[porndeals.com/about/index.html]
[theporndude.com/1412/watchxxxfree.html]
[theporndude.com/includes/images/icon_new.png]
[theporndude.com/1947/pornfreeze.html]
[porndeals.com/contact/index.html]
[theporndude.com/1423/xtapes.html]
[theporndude.com/1929/plusone8.html]
[porndeals.com/privacy/index.html]
[theporndude.com/184/fantasticc.html]
[theporndude.com/1991/vidz24.html]
[theporndude.com/1569/donfreeporn.html]
[porndeals.com/tos/index.html]
[theporndude.com/1847/toseeporn.html]
[theporndude.com/1797/sexgalaxy.html]
[porndeals.com/blog/index.html]
[theporndude.com/1650/hd-easyporn.html]
[theporndude.com/1669/pervertslut.html]
[porndeals.com/add-program/index.html]
[theporndude.com/1677/palimas.html]
[theporndude.com/1690/pornbraze.html]
[porndeals.com/cp/affiliate/news/index.html]
[theporndude.com/1695/netpornsex.html]
[theporndude.com/1002/sexu.html]
[porndeals.com/faq/index.html]
[theporndude.com/1776/sextvx.html]
[theporndude.com/includes/images/mygaysites.png]
[theporndude.com/includes/images/tpdfavicons/safari-pinned-tab5e1f.svg]
[theporndude.com/de.html]
[theporndude.com/1902/k18.html]
[theporndude.com/1422/flyflv.html]
[theporndude.com/1429/yourdailypornvideos.html]
[theporndude.com/es.html]
[theporndude.com/1413/xtheatre.html]
[theporndude.com/1782/phicatube.html]
[theporndude.com/1043/shameless.html]
[theporndude.com/fr.html]
[theporndude.com/1894/tobeporn.html]
[theporndude.com/1881/duckmovies.html]
[theporndude.com/it.html]
[theporndude.com/1329/youngpornvideos.html]
[theporndude.com/497/alotporn.html]
[theporndude.com/1813/pornovideoshub.html]
[theporndude.com/nl.html]
[theporndude.com/1750/jizzman.html]
[theporndude.com/1748/xxvideoss.html]
[theporndude.com/540/slutload.html]
[theporndude.com/no.html]
[theporndude.com/1528/pandamovie.html]
[theporndude.com/pt.html]
[theporndude.com/1736/porndish.html]
[theporndude.com/1490/sexiz.html]
[theporndude.com/ro.html]
[theporndude.com/1487/javsd.html]
[theporndude.com/ru.html]
[theporndude.com/1755/redporn.html]
[theporndude.com/1702/xxxstreamseu.html]
[theporndude.com/sv.html]
[theporndude.com/1895/hdzex.html]
[theporndude.com/1703/hdpornfull.html]
[theporndude.com/1796/fullxxxmovies.html]
[theporndude.com/1266/pussyspace.html]
[theporndude.com/tr.html]
[theporndude.com/1815/gameofporn.html]
[theporndude.com/includes/css/main.mind4c9.css]
[theporndude.com/1836/hdporner720.html]
[theporndude.com/includes/css/mobile_categoriesb2fc.css]
[theporndude.com/1852/veronicca.html]
[theporndude.com/includes/fonts/NexaBold.svg]
[theporndude.com/blog/index.html]
[theporndude.com/1808/pornstreams.html]
[theporndude.com/top-porn-tube-sites.html]
[theporndude.com/1875/pornobae.html]
[theporndude.com/1757/pornvibe.html]
[theporndude.com/566/pornhub.html]
[theporndude.com/1920/palmtube.html]
[theporndude.com/495/porntube.html]
[theporndude.com/532/eporner.html]
[theporndude.com/1916/fakings.html]
[theporndude.com/1513/dvdtrailertube.html]
[theporndude.com/861/pornhd.html]
[theporndude.com/567/xhamster.html]
[theporndude.com/561/motherless.html]
[theporndude.com/top-asian-porn-tube-sites.html]
[theporndude.com/1704/xmovies247.html]
[theporndude.com/1116/porndig.html]
[theporndude.com/1993/javfinder.html]
[theporndude.com/562/gotporn.html]
[theporndude.com/1547/javtasty.html]
[theporndude.com/564/redtube.html]
[theporndude.com/1682/vjav.html]
[theporndude.com/555/4tube.html]
[theporndude.com/1821/hpjav.html]
[theporndude.com/494/vporn.html]
[theporndude.com/1699/javhd3x.html]
[theporndude.com/568/xvideos.html]
[theporndude.com/982/jadult.html]
[theporndude.com/499/youporn.html]
[theporndude.com/559/beeg.html]
[theporndude.com/1037/collectionofporn.html]
[theporndude.com/1898/javseen.html]
[theporndude.com/524/spankbang.html]
[theporndude.com/1953/sextop.html]
[theporndude.com/1334/watchjavonline.html]
[theporndude.com/1735/leechporn.html]
[theporndude.com/849/3movs.html]
[theporndude.com/1692/javleak.html]
[theporndude.com/565/tube8.html]
[theporndude.com/1876/javhd4k.html]
[theporndude.com/1884/vpondo.html]
[theporndude.com/1260/top1porn.html]
[theporndude.com/560/youjizz.html]
[theporndude.com/1885/javbraze.html]
[theporndude.com/557/drtuber.html]
[theporndude.com/1825/javmobile.html]
[theporndude.com/1567/ivhunter.html]
[theporndude.com/1887/javout.html]
[theporndude.com/1216/faapy.html]
[theporndude.com/1643/youav.html]
[theporndude.com/1100/txxx.html]
[theporndude.com/1896/jav2be.html]
[theporndude.com/563/xnxx.html]
[theporndude.com/1684/jav-720p.html]
[theporndude.com/1700/javdude.html]
[theporndude.com/500/cliphunter.html]
[theporndude.com/1756/javhelp.html]
[theporndude.com/1397/porntrex.html]
[theporndude.com/1367/sexix.html]
[theporndude.com/1514/yourporn.html]
[theporndude.com/1831/cherry-porn.html]
[theporndude.com/1548/veporn.html]
[theporndude.com/192/91porn.html]
[theporndude.com/1957/vrporn.html]
[theporndude.com/asian-porn-premium-sites.html]
[theporndude.com/1326/kaplog.html]
[theporndude.com/1861/bobs-tube.html]
[theporndude.com/1400/iyottube.html]
[theporndude.com/1855/youfreeporntube.html]
[theporndude.com/207/javhd.html]
[theporndude.com/755/meandmyasian.html]
[theporndude.com/1468/xxxstreams.html]
[theporndude.com/718/erito.html]
[theporndude.com/1853/r18.html]
[theporndude.com/1761/pornhd3x.html]
[theporndude.com/860/crazyasiangfs.html]
[theporndude.com/top-arab-porn-tube-sites.html]
[theporndude.com/1099/livesexasian.html]
[theporndude.com/511/fux.html]
[theporndude.com/1724/streamateasian.html]
[theporndude.com/top-asian-sex-cams.html]
[theporndude.com/1971/xvideosarab.html]
[theporndude.com/694/motherlessarab.html]
[theporndude.com/1386/yespornplease.html]
[theporndude.com/547/tnaflix.html]
[theporndude.com/1719/pornhubarab.html]
[theporndude.com/1560/pornhd5k.html]
[theporndude.com/695/xhamsterarab.html]
[theporndude.com/2005/freearabsexx.html]
[theporndude.com/1963/sweext.html]
[theporndude.com/1276/aflamneek.html]
[theporndude.com/1909/sexaraby.html]
[theporndude.com/1096/sakuralive.html]
[theporndude.com/1749/vidz7.html]
[theporndude.com/1296/aflamporn.html]
[theporndude.com/1947/pornfreeze.html]
[theporndude.com/1794/xbnat.html]
[theporndude.com/1412/watchxxxfree.html]
[theporndude.com/1956/arabysexy.html]
[theporndude.com/1445/3arabporn.html]
[theporndude.com/1929/plusone8.html]
[theporndude.com/1473/hesporn.html]
[theporndude.com/1423/xtapes.html]
[theporndude.com/1991/vidz24.html]
[theporndude.com/184/fantasticc.html]
[theporndude.com/ebony-porn-premium-sites.html]
[theporndude.com/arab-porn-premium-sites.html]
[theporndude.com/1569/donfreeporn.html]
[theporndude.com/1797/sexgalaxy.html]
[theporndude.com/248/blackgfs.html]
[theporndude.com/1728/arabgfvideos.html]
[theporndude.com/1847/toseeporn.html]
[theporndude.com/1695/netpornsex.html]
[theporndude.com/961/brownbunnies.html]
[theporndude.com/1650/hd-easyporn.html]
[theporndude.com/top-ebony-porn-tube-sites.html]
[theporndude.com/1669/pervertslut.html]
[theporndude.com/1974/pornhubblack.html]
[theporndude.com/757/myebonygf.html]
[theporndude.com/1677/palimas.html]
[theporndude.com/245/shesfreaky.html]
[theporndude.com/1984/xhamsterblack.html]
[theporndude.com/1693/africancasting.html]
[theporndude.com/1690/pornbraze.html]
[theporndude.com/234/homegrownfreaks.html]
[theporndude.com/1776/sextvx.html]
[theporndude.com/240/hoodamateurs.html]
[theporndude.com/241/ghettotube.html]
[theporndude.com/1002/sexu.html]
[theporndude.com/249/roundandbrown.html]
[theporndude.com/1094/naijaporntube.html]
[theporndude.com/1782/phicatube.html]
[theporndude.com/1122/ysporn.html]
[theporndude.com/242/shegotassinfo.html]
[theporndude.com/1902/k18.html]
[theporndude.com/243/myfreeblack.html]
[theporndude.com/top-indian-porn-tube-sites.html]
[theporndude.com/1422/flyflv.html]
[theporndude.com/1955/pornhubindian.html]
[theporndude.com/1429/yourdailypornvideos.html]
[theporndude.com/364/indianpornvideos.html]
[theporndude.com/1413/xtheatre.html]
[theporndude.com/1983/xhamsterindian.html]
[theporndude.com/1813/pornovideoshub.html]
[theporndude.com/1112/freesexyindians.html]
[theporndude.com/1043/shameless.html]
[theporndude.com/1859/desixnxx.html]
[theporndude.com/1881/duckmovies.html]
[theporndude.com/1272/usexvideos.html]
[theporndude.com/1894/tobeporn.html]
[theporndude.com/1329/youngpornvideos.html]
[theporndude.com/1483/sextubedesi.html]
[theporndude.com/497/alotporn.html]
[theporndude.com/1204/antarvasnasexvideos.html]
[theporndude.com/1748/xxvideoss.html]
[theporndude.com/1358/indiansexmms.html]
[theporndude.com/1750/jizzman.html]
[theporndude.com/indian-porn-premium-sites.html]
[theporndude.com/540/slutload.html]
[theporndude.com/1219/sucksex.html]
[theporndude.com/1528/pandamovie.html]
[theporndude.com/1550/fuckmyindiangf.html]
[theporndude.com/1736/porndish.html]
[theporndude.com/854/theindianporn.html]
[theporndude.com/1490/sexiz.html]
[theporndude.com/1264/indianhiddencams.html]
[theporndude.com/1487/javsd.html]
[theporndude.com/758/indiangfvideos.html]
[theporndude.com/1895/hdzex.html]
[theporndude.com/top-latin-porn-tube-sites.html]
[theporndude.com/1755/redporn.html]
[theporndude.com/727/desipapa.html]
[theporndude.com/1341/pornolandia.html]
[theporndude.com/1702/xxxstreamseu.html]
[theporndude.com/1470/pornocarioca1.html]
[theporndude.com/1796/fullxxxmovies.html]
[theporndude.com/1703/hdpornfull.html]
[theporndude.com/1266/pussyspace.html]
[theporndude.com/1348/brasiltudoliberado.html]
[theporndude.com/1815/gameofporn.html]
[theporndude.com/1982/pornhublatina.html]
[theporndude.com/1343/xvideosx.html]
[theporndude.com/1836/hdporner720.html]
[theporndude.com/1917/kabinedasnovinhas.html]
[theporndude.com/1793/colegialasdeverdad.html]
[theporndude.com/1852/veronicca.html]
[theporndude.com/1851/mamasijaya.html]
[theporndude.com/379/cnnamador.html]
[theporndude.com/962/oyeloca.html]
[theporndude.com/1808/pornstreams.html]
[theporndude.com/781/latinasextapes.html]
[theporndude.com/1516/novinhasdozap.html]
[theporndude.com/1345/novinhasdozapzap.html]
[theporndude.com/1875/pornobae.html]
[theporndude.com/383/8thstreetlatinas.html]
[theporndude.com/756/meandmylatina.html]
[theporndude.com/latin-porn-premium-sites.html]
[theporndude.com/541/heavy-r.html]
[theporndude.com/1757/pornvibe.html]
[theporndude.com/1920/palmtube.html]
[theporndude.com/1480/flagrasamadores.html]
[theporndude.com/top-fetish-porn-tube-sites.html]
[theporndude.com/1916/fakings.html]
[theporndude.com/275/bdsmstreak.html]
[theporndude.com/1981/pornhubfetish.html]
[theporndude.com/1513/dvdtrailertube.html]
[theporndude.com/1752/motherlessfetish.html]
[theporndude.com/1510/shockingmovies.html]
[theporndude.com/281/ballbustingtube.html]
[theporndude.com/top-asian-porn-tube-sites.html]
[theporndude.com/283/femdom-fetish-tube.html]
[theporndude.com/748/spankingtube.html]
[theporndude.com/280/slavestube.html]
[theporndude.com/1870/feet9.html]
[theporndude.com/1704/xmovies247.html]
[theporndude.com/1993/javfinder.html]
[theporndude.com/1738/latinafucktour.html]
[theporndude.com/1547/javtasty.html]
[theporndude.com/285/extremetube.html]
[theporndude.com/fetish-porn-premium-sites.html]
[theporndude.com/1682/vjav.html]
[theporndude.com/715/kink.html]
[theporndude.com/1873/femdomtube.html]
[theporndude.com/1821/hpjav.html]
[theporndude.com/1076/wasteland.html]
[theporndude.com/top-porn-search-engines.html]
[theporndude.com/1699/javhd3x.html]
[theporndude.com/1203/punishteens.html]
[theporndude.com/452/pornmd.html]
[theporndude.com/982/jadult.html]
[theporndude.com/451/nudevista.html]
[theporndude.com/1334/watchjavonline.html]
[theporndude.com/1811/submissed.html]
[theporndude.com/1820/porndex.html]
[theporndude.com/1884/vpondo.html]
[theporndude.com/1355/mybdsmgf.html]
[theporndude.com/1426/rexxx.html]
[theporndude.com/1898/javseen.html]
[theporndude.com/554/tubegalore.html]
[theporndude.com/1538/betterfap.html]
[theporndude.com/1887/javout.html]
[theporndude.com/1962/fuq.html]
[theporndude.com/1953/sextop.html]
[theporndude.com/449/findtubes.html]
[theporndude.com/445/ro89.html]
[theporndude.com/1780/metaporn.html]
[theporndude.com/1735/leechporn.html]
[theporndude.com/1058/boodigo.html]
[theporndude.com/1692/javleak.html]
[theporndude.com/best-gay-porn-sites.html]
[theporndude.com/1060/pornfun.html]
[theporndude.com/1876/javhd4k.html]
[theporndude.com/top-amateur-porn-sites.html]
[theporndude.com/1220/yourfreeporn.html]
[theporndude.com/1267/mygaysites.html]
[theporndude.com/1260/top1porn.html]
[theporndude.com/1967/pornhubamateur.html]
[theporndude.com/1338/watchmygfme.html]
[theporndude.com/1885/javbraze.html]
[theporndude.com/181/yuvutu.html]
[theporndude.com/1968/xhamsteramateur.html]
[theporndude.com/1825/javmobile.html]
[theporndude.com/1567/ivhunter.html]
[theporndude.com/552/xtube.html]
[theporndude.com/1643/youav.html]
[theporndude.com/1044/hclips.html]
[theporndude.com/1896/jav2be.html]
[theporndude.com/1434/motherlessamateur.html]
[theporndude.com/1684/jav-720p.html]
[theporndude.com/159/homemoviestube.html]
[theporndude.com/1700/javdude.html]
[theporndude.com/1570/camwhores.html]
[theporndude.com/1756/javhelp.html]
[theporndude.com/743/myex.html]
[theporndude.com/1326/kaplog.html]
[theporndude.com/1966/voyeurhit.html]
[theporndude.com/1400/iyottube.html]
[theporndude.com/1085/mylust.html]
[theporndude.com/1831/cherry-porn.html]
[theporndude.com/1818/hotscope.html]
[theporndude.com/192/91porn.html]
[theporndude.com/asian-porn-premium-sites.html]
[theporndude.com/1205/anon-v.html]
[theporndude.com/207/javhd.html]
[theporndude.com/749/pornxs.html]
[theporndude.com/718/erito.html]
[theporndude.com/171/ruleporn.html]
[theporndude.com/755/meandmyasian.html]
[theporndude.com/1842/voyeurweb.html]
[theporndude.com/1853/r18.html]
[theporndude.com/1996/freecambay.html]
[theporndude.com/860/crazyasiangfs.html]
[theporndude.com/814/girlfriendvideos.html]
[theporndude.com/top-asian-sex-cams.html]
[theporndude.com/161/youramateurporn.html]
[theporndude.com/1099/livesexasian.html]
[theporndude.com/1707/girlfriendgalleries.html]
[theporndude.com/1724/streamateasian.html]
[theporndude.com/180/submityourflicks.html]
[theporndude.com/1877/rlcamvid.html]
[theporndude.com/1096/sakuralive.html]
[theporndude.com/817/dreamamateurs.html]
[theporndude.com/top-arab-porn-tube-sites.html]
[theporndude.com/721/realgfporn.html]
[theporndude.com/1719/pornhubarab.html]
[theporndude.com/1357/uflash.html]
[theporndude.com/695/xhamsterarab.html]
[theporndude.com/1303/porn18sex.html]
[theporndude.com/1971/xvideosarab.html]
[theporndude.com/1766/truthordarepics.html]
[theporndude.com/694/motherlessarab.html]
[theporndude.com/1858/pornformance.html]
[theporndude.com/1956/arabysexy.html]
[theporndude.com/2005/freearabsexx.html]
[theporndude.com/1276/aflamneek.html]
[theporndude.com/754/thegfnetwork.html]
[theporndude.com/amateur-premium-sites.html]
[theporndude.com/1909/sexaraby.html]
[theporndude.com/1114/watchmygf.html]
[theporndude.com/1296/aflamporn.html]
[theporndude.com/736/yourfreeporn.html]
[theporndude.com/588/daredorm.html]
[theporndude.com/1794/xbnat.html]
[theporndude.com/1387/gfleaks.html]
[theporndude.com/1445/3arabporn.html]
[theporndude.com/420/sexcom.html]
[theporndude.com/1473/hesporn.html]
[theporndude.com/arab-porn-premium-sites.html]
[theporndude.com/best-pin-porn-sites.html]
[theporndude.com/1728/arabgfvideos.html]
[theporndude.com/ebony-porn-premium-sites.html]
[theporndude.com/415/smutty.html]
[theporndude.com/248/blackgfs.html]
[theporndude.com/premium-nude-celebrities.html]
[theporndude.com/1130/pictoa.html]
[theporndude.com/961/brownbunnies.html]
[theporndude.com/720/vividceleb.html]
[theporndude.com/the-fappening.html]
[theporndude.com/757/myebonygf.html]
[theporndude.com/1573/tubeteencam.html]
[theporndude.com/1013/thefappeningblog.html]
[theporndude.com/1693/africancasting.html]
[theporndude.com/1237/bannedsextapes.html]
[theporndude.com/249/roundandbrown.html]
[theporndude.com/1910/shockingcelebrities.html]
[theporndude.com/1501/celebgate.html]
[theporndude.com/top-ebony-porn-tube-sites.html]
[theporndude.com/1331/thefappening2015.html]
[theporndude.com/1974/pornhubblack.html]
[theporndude.com/1868/sexy-youtubers.html]
[theporndude.com/578/mrskin.html]
[theporndude.com/243/myfreeblack.html]
[theporndude.com/245/shesfreaky.html]
[theporndude.com/1970/fakenudepictures.html]
[theporndude.com/1128/thefappeningnew.html]
[theporndude.com/1984/xhamsterblack.html]
[theporndude.com/1017/motherlessfappening.html]
[theporndude.com/234/homegrownfreaks.html]
[theporndude.com/1464/ohfree.html]
[theporndude.com/240/hoodamateurs.html]
[theporndude.com/1758/celebsnudeworld.html]
[theporndude.com/1685/myfappening.html]
[theporndude.com/241/ghettotube.html]
[theporndude.com/1905/ximage.html]
[theporndude.com/1094/naijaporntube.html]
[theporndude.com/242/shegotassinfo.html]
[theporndude.com/267/cfake.html]
[theporndude.com/1122/ysporn.html]
[theporndude.com/fake-celebrity-nudes.html]
[theporndude.com/top-indian-porn-tube-sites.html]
[theporndude.com/266/bcfakes.html]
[theporndude.com/1955/pornhubindian.html]
[theporndude.com/1969/celebjihad.html]
[theporndude.com/260/famousboard.html]
[theporndude.com/364/indianpornvideos.html]
[theporndude.com/1983/xhamsterindian.html]
[theporndude.com/1112/freesexyindians.html]
[theporndude.com/1511/hentaihaven.html]
[theporndude.com/1859/desixnxx.html]
[theporndude.com/259/fakethebitch.html]
[theporndude.com/1952/hentaifox.html]
[theporndude.com/1004/hentai2read.html]
[theporndude.com/1272/usexvideos.html]
[theporndude.com/1709/nhentai.html]
[theporndude.com/1219/sucksex.html]
[theporndude.com/1498/hanime.html]
[theporndude.com/hentai-porn-sites.html]
[theporndude.com/1308/zzcartoon.html]
[theporndude.com/1483/sextubedesi.html]
[theporndude.com/1204/antarvasnasexvideos.html]
[theporndude.com/342/rule34.html]
[theporndude.com/1358/indiansexmms.html]
[theporndude.com/346/hentai-foundry.html]
[theporndude.com/343/luscious.html]
[theporndude.com/indian-porn-premium-sites.html]
[theporndude.com/758/indiangfvideos.html]
[theporndude.com/338/e-hentai.html]
[theporndude.com/1160/simply-hentai.html]
[theporndude.com/1550/fuckmyindiangf.html]
[theporndude.com/854/theindianporn.html]
[theporndude.com/1313/xanimeporn.html]
[theporndude.com/727/desipapa.html]
[theporndude.com/333/cartoonpornvideos.html]
[theporndude.com/1264/indianhiddencams.html]
[theporndude.com/349/gelbooru.html]
[theporndude.com/top-latin-porn-tube-sites.html]
[theporndude.com/351/hentaistream.html]
[theporndude.com/1921/thehentaiworld.html]
[theporndude.com/1485/naughtymachinima.html]
[theporndude.com/1783/hentaifit.html]
[theporndude.com/1341/pornolandia.html]
[theporndude.com/1470/pornocarioca1.html]
[theporndude.com/1982/pornhublatina.html]
[theporndude.com/1874/miohentai.html]
[theporndude.com/1865/urbanhentai.html]
[theporndude.com/379/cnnamador.html]
[theporndude.com/1863/hentaiporns.html]
[theporndude.com/1767/hentaifromhell.html]
[theporndude.com/1862/overwatchhentai.html]
[theporndude.com/337/hentaims.html]
[theporndude.com/336/myhentai.html]
[theporndude.com/1574/asmhentai.html]
[theporndude.com/1793/colegialasdeverdad.html]
[theporndude.com/352/hbrowse.html]
[theporndude.com/1348/brasiltudoliberado.html]
[theporndude.com/best-premium-hentai-sites.html]
[theporndude.com/1851/mamasijaya.html]
[theporndude.com/1480/flagrasamadores.html]
[theporndude.com/575/hentaivideoworld.html]
[theporndude.com/1343/xvideosx.html]
[theporndude.com/1946/hentaipros.html]
[theporndude.com/1516/novinhasdozap.html]
[theporndude.com/1917/kabinedasnovinhas.html]
[theporndude.com/759/toonpass.html]
[theporndude.com/1345/novinhasdozapzap.html]
[theporndude.com/573/hentaipassport.html]
[theporndude.com/best-porn-comic-sites.html]
[theporndude.com/latin-porn-premium-sites.html]
[theporndude.com/1132/8muses.html]
[theporndude.com/962/oyeloca.html]
[theporndude.com/778/nxtcomicsclub.html]
[theporndude.com/756/meandmylatina.html]
[theporndude.com/781/latinasextapes.html]
[theporndude.com/1368/enjoy3dporn.html]
[theporndude.com/1555/porncomix.html]
[theporndude.com/383/8thstreetlatinas.html]
[theporndude.com/999/shentai.html]
[theporndude.com/1738/latinafucktour.html]
[theporndude.com/1556/porncomixonline.html]
[theporndude.com/1359/xyzcomics.html]
[theporndude.com/1958/svscomics.html]
[theporndude.com/top-fetish-porn-tube-sites.html]
[theporndude.com/1900/freeadultcomix.html]
[theporndude.com/541/heavy-r.html]
[theporndude.com/1553/nxt-comics.html]
[theporndude.com/1981/pornhubfetish.html]
[theporndude.com/748/spankingtube.html]
[theporndude.com/1407/myhentaicomics.html]
[theporndude.com/1364/shentaixyz.html]
[theporndude.com/275/bdsmstreak.html]
[theporndude.com/1510/shockingmovies.html]
[theporndude.com/1918/litoshcomics.html]
[theporndude.com/premium-porn-comic-sites.html]
[theporndude.com/1752/motherlessfetish.html]
[theporndude.com/1817/comicunivers.html]
[theporndude.com/283/femdom-fetish-tube.html]
[theporndude.com/1897/welcomix.html]
[theporndude.com/281/ballbustingtube.html]
[theporndude.com/1459/crazyxxx3dworld.html]
[theporndude.com/1460/jabcomix.html]
[theporndude.com/1870/feet9.html]
[theporndude.com/280/slavestube.html]
[theporndude.com/1218/18comix.html]
[theporndude.com/329/sexcom.html]
[theporndude.com/best-gif-porn-sites.html]
[theporndude.com/1873/femdomtube.html]
[theporndude.com/285/extremetube.html]
[theporndude.com/fetish-porn-premium-sites.html]
[theporndude.com/325/gifporntube.html]
[theporndude.com/1824/gifsfor.html]
[theporndude.com/1203/punishteens.html]
[theporndude.com/best-porn-image-boards.html]
[theporndude.com/715/kink.html]
[theporndude.com/1355/mybdsmgf.html]
[theporndude.com/358/4chan.html]
[theporndude.com/360/ichan.html]
[theporndude.com/1811/submissed.html]
[theporndude.com/1076/wasteland.html]
[theporndude.com/353/420chan.html]
[theporndude.com/1304/anon-ib.html]
[theporndude.com/359/7chan.html]
[theporndude.com/top-porn-search-engines.html]
[theporndude.com/best-porn-tgp-sites.html]
[theporndude.com/452/pornmd.html]
[theporndude.com/451/nudevista.html]
[theporndude.com/661/pichunter.html]
[theporndude.com/1820/porndex.html]
[theporndude.com/445/ro89.html]
[theporndude.com/1426/rexxx.html]
[theporndude.com/1353/erosberry.html]
[theporndude.com/554/tubegalore.html]
[theporndude.com/650/brdteengal.html]
[theporndude.com/1312/imagepost.html]
[theporndude.com/1538/betterfap.html]
[theporndude.com/1361/curvyerotic.html]
[theporndude.com/1962/fuq.html]
[theporndude.com/449/findtubes.html]
[theporndude.com/1081/godsartnudes.html]
[theporndude.com/1780/metaporn.html]
[theporndude.com/1335/eroticbeauties.html]
[theporndude.com/1058/boodigo.html]
[theporndude.com/1425/tumview.html]
[theporndude.com/best-porn-tumblr-sites.html]
[theporndude.com/best-gay-porn-sites.html]
[theporndude.com/660/coedcherry.html]
[theporndude.com/1267/mygaysites.html]
[theporndude.com/1478/xxxsexxx.html]
[theporndude.com/655/pussycalor.html]
[theporndude.com/top-amateur-porn-sites.html]
[theporndude.com/49/bananabunny.html]
[theporndude.com/616/thisvidscat.html]
[theporndude.com/1060/pornfun.html]
[theporndude.com/1330/theporndude.html]
[theporndude.com/1980/xhamsterpee.html]
[theporndude.com/1979/sexgifs.html]
[theporndude.com/617/eroprofile.html]
[theporndude.com/1220/yourfreeporn.html]
[theporndude.com/615/xpee.html]
[theporndude.com/1338/watchmygfme.html]
[theporndude.com/1967/pornhubamateur.html]
[theporndude.com/top-scat-porn-tube-sites.html]
[theporndude.com/614/dirtyshack.html]
[theporndude.com/1388/poopeegirls.html]
[theporndude.com/181/yuvutu.html]
[theporndude.com/1968/xhamsteramateur.html]
[theporndude.com/611/scatrina.html]
[theporndude.com/618/motherlessscat.html]
[theporndude.com/552/xtube.html]
[theporndude.com/1696/sg-video.html]
[theporndude.com/scat-and-piss-premium-porn.html]
[theporndude.com/1044/hclips.html]
[theporndude.com/1434/motherlessamateur.html]
[theporndude.com/779/yezzclips.html]
[theporndude.com/159/homemoviestube.html]
[theporndude.com/828/vipissy.html]
[theporndude.com/1570/camwhores.html]
[theporndude.com/803/tainster.html]
[theporndude.com/743/myex.html]
[theporndude.com/1966/voyeurhit.html]
[theporndude.com/best-shemale-porn-sites.html]
[theporndude.com/1085/mylust.html]
[theporndude.com/543/ashemaletube.html]
[theporndude.com/1818/hotscope.html]
[theporndude.com/839/wetandpissy.html]
[theporndude.com/1442/shemaletubevideos.html]
[theporndude.com/1842/voyeurweb.html]
[theporndude.com/1443/shemalemodelstube.html]
[theporndude.com/1205/anon-v.html]
[theporndude.com/1380/ashemaletv.html]
[theporndude.com/749/pornxs.html]
[theporndude.com/171/ruleporn.html]
[theporndude.com/1872/shemalestube.html]
[theporndude.com/shemale-porn-premium-sites.html]
[theporndude.com/180/submityourflicks.html]
[theporndude.com/1557/chaturbatetrans.html]
[theporndude.com/1996/freecambay.html]
[theporndude.com/1727/pornhubshemale.html]
[theporndude.com/1415/trannysurprise.html]
[theporndude.com/814/girlfriendvideos.html]
[theporndude.com/1383/trans500.html]
[theporndude.com/161/youramateurporn.html]
[theporndude.com/1578/tranny.html]
[theporndude.com/1707/girlfriendgalleries.html]
[theporndude.com/1877/rlcamvid.html]
[theporndude.com/top-sex-cam-sites.html]
[theporndude.com/817/dreamamateurs.html]
[theporndude.com/629/cams.html]
[theporndude.com/721/realgfporn.html]
[theporndude.com/1357/uflash.html]
[theporndude.com/623/imlive.html]
[theporndude.com/1303/porn18sex.html]
[theporndude.com/1766/truthordarepics.html]
[theporndude.com/630/chaturbate.html]
[theporndude.com/628/myfreecams.html]
[theporndude.com/1858/pornformance.html]
[theporndude.com/632/streamate.html]
[theporndude.com/amateur-premium-sites.html]
[theporndude.com/622/flirt4free.html]
[theporndude.com/631/jasmin.html]
[theporndude.com/1105/xlovecam.html]
[theporndude.com/736/yourfreeporn.html]
[theporndude.com/1120/camster.html]
[theporndude.com/754/thegfnetwork.html]
[theporndude.com/1277/bongacams.html]
[theporndude.com/624/slutroulette.html]
[theporndude.com/1114/watchmygf.html]
[theporndude.com/best-dating-sites.html]
[theporndude.com/230/adultfriendfinder.html]
[theporndude.com/1680/camsoda.html]
[theporndude.com/588/daredorm.html]
[theporndude.com/best-vr-porn-sites.html]
[theporndude.com/1835/stripchat.html]
[theporndude.com/1271/xcams.html]
[theporndude.com/1387/gfleaks.html]
[theporndude.com/1544/sexdating.html]
[theporndude.com/best-pin-porn-sites.html]
[theporndude.com/998/ifriends.html]
[theporndude.com/1743/virtualrealporn.html]
[theporndude.com/1540/wankzvr.html]
[theporndude.com/1495/fling.html]
[theporndude.com/420/sexcom.html]
[theporndude.com/415/smutty.html]
[theporndude.com/1106/fuckbook.html]
[theporndude.com/1130/pictoa.html]
[theporndude.com/1741/czechvr.html]
[theporndude.com/1073/pornleech.html]
[theporndude.com/top-porn-torrents-sites.html]
[theporndude.com/1256/easysex.html]
[theporndude.com/472/rarbg.html]
[theporndude.com/1573/tubeteencam.html]
[theporndude.com/premium-nude-celebrities.html]
[theporndude.com/1403/youpornbook.html]
[theporndude.com/1237/bannedsextapes.html]
[theporndude.com/677/pornbay.html]
[theporndude.com/1539/badoinkvr.html]
[theporndude.com/578/mrskin.html]
[theporndude.com/1705/naughtyamericavr.html]
[theporndude.com/1910/shockingcelebrities.html]
[theporndude.com/478/pornolab.html]
[theporndude.com/474/thepiratebay.html]
[theporndude.com/720/vividceleb.html]
[theporndude.com/1841/leporno.html]
[theporndude.com/1970/fakenudepictures.html]
[theporndude.com/1494/pornotorrent.html]
[theporndude.com/the-fappening.html]
[theporndude.com/1013/thefappeningblog.html]
[theporndude.com/1187/yourbittorrent.html]
[theporndude.com/1501/celebgate.html]
[theporndude.com/1744/torrentsgroup.html]
[theporndude.com/1331/thefappening2015.html]
[theporndude.com/479/empornium.html]
[theporndude.com/473/bootytape.html]
[theporndude.com/1868/sexy-youtubers.html]
[theporndude.com/1722/nordvpn.html]
[theporndude.com/1685/myfappening.html]
[theporndude.com/1128/thefappeningnew.html]
[theporndude.com/best-porn-forums.html]
[theporndude.com/1017/motherlessfappening.html]
[theporndude.com/1188/vipergirls.html]
[theporndude.com/33/planetsuzy.html]
[theporndude.com/1464/ohfree.html]
[theporndude.com/38/pornbb.html]
[theporndude.com/1758/celebsnudeworld.html]
[theporndude.com/26/forumophilia.html]
[theporndude.com/1905/ximage.html]
[theporndude.com/37/phun.html]
[theporndude.com/fake-celebrity-nudes.html]
[theporndude.com/15/kitty-kats.html]
[theporndude.com/267/cfake.html]
[theporndude.com/1969/celebjihad.html]
[theporndude.com/1298/eroticity.html]
[theporndude.com/266/bcfakes.html]
[theporndude.com/34/porn-w.html]
[theporndude.com/260/famousboard.html]
[theporndude.com/30/vintage-erotica-forum.html]
[theporndude.com/259/fakethebitch.html]
[theporndude.com/1437/cumonprintedpics.html]
[theporndude.com/32/intporn.html]
[theporndude.com/hentai-porn-sites.html]
[theporndude.com/1461/nudecelebforum.html]
[theporndude.com/1308/zzcartoon.html]
[theporndude.com/1511/hentaihaven.html]
[theporndude.com/36/freeones.html]
[theporndude.com/1952/hentaifox.html]
[theporndude.com/1295/amateurvoyeurforum.html]
[theporndude.com/1004/hentai2read.html]
[theporndude.com/1283/sextingforum.html]
[theporndude.com/1709/nhentai.html]
[theporndude.com/31/oneclickchicks.html]
[theporndude.com/1498/hanime.html]
[theporndude.com/338/e-hentai.html]
[theporndude.com/1299/pornsavant.html]
[theporndude.com/342/rule34.html]
[theporndude.com/1239/camcaps.html]
[theporndude.com/19/fritchy.html]
[theporndude.com/343/luscious.html]
[theporndude.com/706/saff.html]
[theporndude.com/346/hentai-foundry.html]
[theporndude.com/23/sexyandfunny.html]
[theporndude.com/28/xnxx.html]
[theporndude.com/349/gelbooru.html]
[theporndude.com/best-porn-site-rip-sites.html]
[theporndude.com/464/hornywhores.html]
[theporndude.com/1258/adultdvdtalk.html]
[theporndude.com/1160/simply-hentai.html]
[theporndude.com/862/theteenbay.html]
[theporndude.com/1161/naughtyblog.html]
[theporndude.com/1485/naughtymachinima.html]
[theporndude.com/1356/extreme-board.html]
[theporndude.com/1313/xanimeporn.html]
[theporndude.com/1228/0xxx.html]
[theporndude.com/465/adultbay.html]
[theporndude.com/333/cartoonpornvideos.html]
[theporndude.com/1659/camshowdownload.html]
[theporndude.com/1921/thehentaiworld.html]
[theporndude.com/1029/pornorips.html]
[theporndude.com/1930/incezt.html]
[theporndude.com/351/hentaistream.html]
[theporndude.com/1694/newestxxx.html]
[theporndude.com/1783/hentaifit.html]
[theporndude.com/1874/miohentai.html]
[theporndude.com/1457/piratecams.html]
[theporndude.com/1865/urbanhentai.html]
[theporndude.com/1812/femdomcc.html]
[theporndude.com/1247/hidefporn.html]
[theporndude.com/1863/hentaiporns.html]
[theporndude.com/best-filehost-sites.html]
[theporndude.com/1706/3xplanet.html]
[theporndude.com/1767/hentaifromhell.html]
[theporndude.com/1049/zeveradownloader.html]
[theporndude.com/1456/teenpornb.html]
[theporndude.com/1862/overwatchhentai.html]
[theporndude.com/305/uploadednet.html]
[theporndude.com/1931/new-jav.html]
[theporndude.com/1574/asmhentai.html]
[theporndude.com/1754/siterips.html]
[theporndude.com/1311/iafd.html]
[theporndude.com/337/hentaims.html]
[theporndude.com/1270/keep2share.html]
[theporndude.com/304/rapidgatornet.html]
[theporndude.com/336/myhentai.html]
[theporndude.com/1542/desiunseen.html]
[theporndude.com/300/datafile.html]
[theporndude.com/352/hbrowse.html]
[theporndude.com/440/freeones.html]
[theporndude.com/top-pornstar-directories.html]
[theporndude.com/best-premium-hentai-sites.html]
[theporndude.com/1807/mypornstarbook.html]
[theporndude.com/436/definebabe.html]
[theporndude.com/759/toonpass.html]
[theporndude.com/best-erotic-stories-sites.html]
[theporndude.com/1366/babesandstars.html]
[theporndude.com/575/hentaivideoworld.html]
[theporndude.com/433/europornstar.html]
[theporndude.com/256/literotica.html]
[theporndude.com/1946/hentaipros.html]
[theporndude.com/258/asstr.html]
[theporndude.com/1408/dbnaked.html]
[theporndude.com/251/nifty.html]
[theporndude.com/573/hentaipassport.html]
[theporndude.com/257/lushstories.html]
[theporndude.com/1368/enjoy3dporn.html]
[theporndude.com/best-porn-comic-sites.html]
[theporndude.com/1379/chyoa.html]
[theporndude.com/821/definefetish.html]
[theporndude.com/1132/8muses.html]
[theporndude.com/1992/xhamsterstories.html]
[theporndude.com/438/babepedia.html]
[theporndude.com/778/nxtcomicsclub.html]
[theporndude.com/1924/storiesonline.html]
[theporndude.com/1484/noveltrove.html]
[theporndude.com/1115/indiansexstories.html]
[theporndude.com/1958/svscomics.html]
[theporndude.com/1986/sexstories.html]
[theporndude.com/1407/myhentaicomics.html]
[theporndude.com/252/bdsmlibrary.html]
[theporndude.com/253/mcstories.html]
[theporndude.com/1555/porncomix.html]
[theporndude.com/1080/bdsmcafe.html]
[theporndude.com/999/shentai.html]
[theporndude.com/1327/uselessjunk.html]
[theporndude.com/best-porn-link-sites.html]
[theporndude.com/1062/donkparty.html]
[theporndude.com/1522/entensity.html]
[theporndude.com/1402/pinkworld.html]
[theporndude.com/1556/porncomixonline.html]
[theporndude.com/1359/xyzcomics.html]
[theporndude.com/1900/freeadultcomix.html]
[theporndude.com/1306/wtfpeople.html]
[theporndude.com/1531/istripper.html]
[theporndude.com/1553/nxt-comics.html]
[theporndude.com/1391/adultoffline.html]
[theporndude.com/670/chrome.html]
[theporndude.com/1148/zoomgirls.html]
[theporndude.com/useful-software.html]
[theporndude.com/1364/shentaixyz.html]
[theporndude.com/667/ccleaner.html]
[theporndude.com/1817/comicunivers.html]
[theporndude.com/1988/downloadhelper.html]
[theporndude.com/692/jdownloader.html]
[theporndude.com/1960/inhumanity.html]
[theporndude.com/1218/18comix.html]
[theporndude.com/666/vlc-media-player.html]
[theporndude.com/best-funny-porn-sites.html]
[theporndude.com/1918/litoshcomics.html]
[theporndude.com/323/efukt.html]
[theporndude.com/1710/pornhublesbian.html]
[theporndude.com/best-lesbian-porn-sites.html]
[theporndude.com/premium-porn-comic-sites.html]
[theporndude.com/1897/welcomix.html]
[theporndude.com/1061/shooshtime.html]
[theporndude.com/1459/crazyxxx3dworld.html]
[theporndude.com/1729/xhamsterlesbian.html]
[theporndude.com/1460/jabcomix.html]
[theporndude.com/1302/humoron.html]
[theporndude.com/1730/porndiglesbian.html]
[theporndude.com/best-gif-porn-sites.html]
[theporndude.com/1142/daftporn.html]
[theporndude.com/1151/lesbianpornvideos.html]
[theporndude.com/329/sexcom.html]
[theporndude.com/325/gifporntube.html]
[theporndude.com/1824/gifsfor.html]
[theporndude.com/1711/girlsway.html]
[theporndude.com/lesbian-porn-premium-sites.html]
[theporndude.com/best-porn-image-boards.html]
[theporndude.com/1304/anon-ib.html]
[theporndude.com/1731/redtubelesbian.html]
[theporndude.com/358/4chan.html]
[theporndude.com/1732/welivetogether.html]
[theporndude.com/360/ichan.html]
[theporndude.com/best-escort-sites.html]
[theporndude.com/1940/sweetheartvideo.html]
[theporndude.com/1497/eurogirlsescort.html]
[theporndude.com/353/420chan.html]
[theporndude.com/1740/girlfriendsfilms.html]
[theporndude.com/359/7chan.html]
[theporndude.com/1424/escortdirectory.html]
[theporndude.com/595/brazzers.html]
[theporndude.com/top-premium-sites.html]
[theporndude.com/best-porn-tgp-sites.html]
[theporndude.com/957/whengirlsplay.html]
[theporndude.com/661/pichunter.html]
[theporndude.com/609/realitykings.html]
[theporndude.com/1523/eroticmonkey.html]
[theporndude.com/600/digitalplayground.html]
[theporndude.com/1312/imagepost.html]
[theporndude.com/599/naughtyamerica.html]
[theporndude.com/1335/eroticbeauties.html]
[theporndude.com/608/bangbros.html]
[theporndude.com/606/mofosnetwork.html]
[theporndude.com/1353/erosberry.html]
[theporndude.com/601/videobox.html]
[theporndude.com/1765/eros.html]
[theporndude.com/714/teamskeet.html]
[theporndude.com/1377/familystrokes.html]
[theporndude.com/650/brdteengal.html]
[theporndude.com/1361/curvyerotic.html]
[theporndude.com/946/passion-hd.html]
[theporndude.com/660/coedcherry.html]
[theporndude.com/1572/czechav.html]
[theporndude.com/1753/vixen.html]
[theporndude.com/1081/godsartnudes.html]
[theporndude.com/805/exxxtrasmall.html]
[theporndude.com/604/nubilefilms.html]
[theporndude.com/655/pussycalor.html]
[theporndude.com/1003/babesnetwork.html]
[theporndude.com/best-porn-tumblr-sites.html]
[theporndude.com/581/clubseventeen.html]
[theporndude.com/594/iknowthatgirl.html]
[theporndude.com/1425/tumview.html]
[theporndude.com/1246/evilangel.html]
[theporndude.com/1504/tushy.html]
[theporndude.com/1330/theporndude.html]
[theporndude.com/1827/julesjordan.html]
[theporndude.com/596/gfrevenge.html]
[theporndude.com/1491/sislovesme.html]
[theporndude.com/1478/xxxsexxx.html]
[theporndude.com/1712/dogfartnetwork.html]
[theporndude.com/590/x-art.html]
[theporndude.com/1979/sexgifs.html]
[theporndude.com/1215/teensloveblackcocks.html]
[theporndude.com/607/hustler.html]
[theporndude.com/1985/stasyq.html]
[theporndude.com/49/bananabunny.html]
[theporndude.com/best-porn-games.html]
[theporndude.com/1300/nutaku.html]
[theporndude.com/top-scat-porn-tube-sites.html]
[theporndude.com/713/3d-sexvilla-2.html]
[theporndude.com/616/thisvidscat.html]
[theporndude.com/1118/blacked.html]
[theporndude.com/1107/tiny4k.html]
[theporndude.com/1980/xhamsterpee.html]
[theporndude.com/618/motherlessscat.html]
[theporndude.com/1607/pussysaga.html]
[theporndude.com/1319/pornhubpremium.html]
[theporndude.com/1502/3dxchat.html]
[theporndude.com/617/eroprofile.html]
[theporndude.com/711/lifeselector.html]
[theporndude.com/615/xpee.html]
[theporndude.com/1892/hentaiheroes.html]
[theporndude.com/1388/poopeegirls.html]
[theporndude.com/1340/hotcandyland.html]
[theporndude.com/614/dirtyshack.html]
[theporndude.com/1489/bigbangempire.html]
[theporndude.com/611/scatrina.html]
[theporndude.com/1071/sexgangsters.html]
[theporndude.com/scat-and-piss-premium-porn.html]
[theporndude.com/1696/sg-video.html]
[theporndude.com/1519/mnfclub.html]
[theporndude.com/779/yezzclips.html]
[theporndude.com/828/vipissy.html]
[theporndude.com/1575/gamesofdesire.html]
[theporndude.com/803/tainster.html]
[theporndude.com/1577/gamcore.html]
[theporndude.com/14/mysexgames.html]
[theporndude.com/839/wetandpissy.html]
[theporndude.com/1926/faptitans.html]
[theporndude.com/1145/wetpussygames.html]
[theporndude.com/best-shemale-porn-sites.html]
[theporndude.com/1317/porngames.html]
[theporndude.com/543/ashemaletube.html]
[theporndude.com/1507/studiofow.html]
[theporndude.com/1537/lessonofpassion.html]
[theporndude.com/1380/ashemaletv.html]
[theporndude.com/1442/shemaletubevideos.html]
[theporndude.com/1201/playporngames.html]
[theporndude.com/1443/shemalemodelstube.html]
[theporndude.com/1907/pornplaybb.html]
[theporndude.com/1727/pornhubshemale.html]
[theporndude.com/6/redlightcenter.html]
[theporndude.com/1872/shemalestube.html]
[theporndude.com/1561/pornhubcasino.html]
[theporndude.com/1202/playsexgames.html]
[theporndude.com/shemale-porn-premium-sites.html]
[theporndude.com/porn-picture-sites.html]
[theporndude.com/1557/chaturbatetrans.html]
[theporndude.com/313/imagefap.html]
[theporndude.com/1415/trannysurprise.html]
[theporndude.com/1961/pornpics.html]
[theporndude.com/1383/trans500.html]
[theporndude.com/409/fuskator.html]
[theporndude.com/1578/tranny.html]
[theporndude.com/1318/instantfap.html]
[theporndude.com/top-sex-cam-sites.html]
[theporndude.com/629/cams.html]
[theporndude.com/2000/pornhubphotos.html]
[theporndude.com/630/chaturbate.html]
[theporndude.com/623/imlive.html]
[theporndude.com/1997/xhamsterphotos.html]
[theporndude.com/631/jasmin.html]
[theporndude.com/2002/motherlessphotos.html]
[theporndude.com/1959/anyfap.html]
[theporndude.com/628/myfreecams.html]
[theporndude.com/1165/yourdailygirls.html]
[theporndude.com/989/babesmachine.html]
[theporndude.com/1277/bongacams.html]
[theporndude.com/1328/yoloselfie.html]
[theporndude.com/834/amabitch.html]
[theporndude.com/632/streamate.html]
[theporndude.com/1990/picsvc.html]
[theporndude.com/1257/nude-gals.html]
[theporndude.com/46/fleshbot.html]
[theporndude.com/622/flirt4free.html]
[theporndude.com/1436/xmissy.html]
[theporndude.com/1149/hqbabes.html]
[theporndude.com/popular-porn-blog.html]
[theporndude.com/1509/urlgalleries.html]
[theporndude.com/624/slutroulette.html]
[theporndude.com/1660/enf-cmnf.html]
[theporndude.com/1105/xlovecam.html]
[theporndude.com/1656/stufferdb.html]
[theporndude.com/1178/alrincon.html]
[theporndude.com/1680/camsoda.html]
[theporndude.com/1919/eroticscribes.html]
[theporndude.com/1120/camster.html]
[theporndude.com/44/russiasexygirls.html]
[theporndude.com/free-porn-video-hosting.html]
[theporndude.com/1271/xcams.html]
[theporndude.com/1978/openload.html]
[theporndude.com/1393/sexyandfunny1.html]
[theporndude.com/1835/stripchat.html]
[theporndude.com/998/ifriends.html]
[theporndude.com/320/pornhost.html]
[theporndude.com/best-dating-sites.html]
[theporndude.com/1810/bos.html]
[theporndude.com/1698/bitporno.html]
[theporndude.com/230/adultfriendfinder.html]
[theporndude.com/317/imagebam.html]
[theporndude.com/1417/videowood.html]
[theporndude.com/1544/sexdating.html]
[theporndude.com/683/imagetwist.html]
[theporndude.com/2001/imgchili.html]
[theporndude.com/1106/fuckbook.html]
[theporndude.com/318/imgur.html]
[theporndude.com/1495/fling.html]
[theporndude.com/156/gonewild.html]
[theporndude.com/best-nsfw-reddit-sites.html]
[theporndude.com/155/nsfw.html]
[theporndude.com/1256/easysex.html]
[theporndude.com/685/imgbox.html]
[theporndude.com/free-adult-image-hosting.html]
[theporndude.com/103/grool.html]
[theporndude.com/best-vr-porn-sites.html]
[theporndude.com/1743/virtualrealporn.html]
[theporndude.com/85/nsfw-wtf.html]
[theporndude.com/1540/wankzvr.html]
[theporndude.com/153/nsfw-gif.html]
[theporndude.com/154/realgirls.html]
[theporndude.com/1539/badoinkvr.html]
[theporndude.com/133/bustypetite.html]
[theporndude.com/151/nsfw-gifs.html]
[theporndude.com/150/amateur.html]
[theporndude.com/152/boobies.html]
[theporndude.com/1705/naughtyamericavr.html]
[theporndude.com/1741/czechvr.html]
[theporndude.com/145/cumsluts.html]
[theporndude.com/148/onoff.html]
[theporndude.com/top-porn-torrents-sites.html]
[theporndude.com/149/legalteens.html]
[theporndude.com/128/girlsfinishingthejob.html]
[theporndude.com/1073/pornleech.html]
[theporndude.com/1125/ass.html]
[theporndude.com/147/girlsinyogapants.html]
[theporndude.com/141/rule34.html]
[theporndude.com/472/rarbg.html]
[theporndude.com/1403/youpornbook.html]
[theporndude.com/672/omegle.html]
[theporndude.com/677/pornbay.html]
[theporndude.com/best-adult-chat-sites.html]
[theporndude.com/146/ginger.html]
[theporndude.com/671/dirtyroulette.html]
[theporndude.com/478/pornolab.html]
[theporndude.com/59/bdsmgw.html]
[theporndude.com/474/thepiratebay.html]
[theporndude.com/1265/isexychat.html]
[theporndude.com/700/chatroulette.html]
[theporndude.com/1841/leporno.html]
[theporndude.com/1494/pornotorrent.html]
[theporndude.com/1238/chatzozo.html]
[theporndude.com/473/bootytape.html]
[theporndude.com/1187/yourbittorrent.html]
[theporndude.com/42/amazoncom.html]
[theporndude.com/1998/nofap.html]
[theporndude.com/best-adult-online-shops.html]
[theporndude.com/1744/torrentsgroup.html]
[theporndude.com/41/fleshlight.html]
[theporndude.com/479/empornium.html]
[theporndude.com/1722/nordvpn.html]
[theporndude.com/1269/adultempire.html]
[theporndude.com/best-porn-forums.html]
[theporndude.com/33/planetsuzy.html]
[theporndude.com/1512/j-list.html]
[theporndude.com/1188/vipergirls.html]
[theporndude.com/1390/realdoll.html]
[theporndude.com/38/pornbb.html]
[theporndude.com/extreme-porn-websites.html]
[theporndude.com/26/forumophilia.html]
[theporndude.com/1068/theync.html]
[theporndude.com/1535/adameve.html]
[theporndude.com/37/phun.html]
[theporndude.com/1144/kaotic.html]
[theporndude.com/15/kitty-kats.html]
[theporndude.com/1347/crazyshit.html]
[theporndude.com/1948/affect3dstore.html]
[theporndude.com/32/intporn.html]
[theporndude.com/1716/xrares.html]
[theporndude.com/1298/eroticity.html]
[theporndude.com/1217/reblop.html]
[theporndude.com/34/porn-w.html]
[theporndude.com/1315/machovideo.html]
[theporndude.com/30/vintage-erotica-forum.html]
[theporndude.com/1987/liveleak.html]
[theporndude.com/1437/cumonprintedpics.html]
[theporndude.com/best-vintage-porn-sites.html]
[theporndude.com/1461/nudecelebforum.html]
[theporndude.com/1314/superzooi.html]
[theporndude.com/1476/tubepornclassic.html]
[theporndude.com/31/oneclickchicks.html]
[theporndude.com/36/freeones.html]
[theporndude.com/1475/theclassicporn.html]
[theporndude.com/1295/amateurvoyeurforum.html]
[theporndude.com/vintage-porn-premium-sites.html]
[theporndude.com/1283/sextingforum.html]
[theporndude.com/famous-celebrity-blogs.html]
[theporndude.com/19/fritchy.html]
[theporndude.com/1258/adultdvdtalk.html]
[theporndude.com/1299/pornsavant.html]
[theporndude.com/221/tmz.html]
[theporndude.com/1356/extreme-board.html]
[theporndude.com/erotic-massage-sites.html]
[ajax.googleapis.com/ajax/libs/jquery/1.11.1/jquery.min.js]
[theporndude.com/220/perezhilton.html]
[ajax.googleapis.com/ajax/libs/jqueryui/1.8.5/jquery-ui.min.js]
[theporndude.com/1525/aampmaps.html]
[theporndude.com/1239/camcaps.html]
[theporndude.com/706/saff.html]
[theporndude.com/1524/rubmaps.html]
[theporndude.com/23/sexyandfunny.html]
[theporndude.com/1576/celebsroulette.html]
[theporndude.com/28/xnxx.html]
[theporndude.com/best-porn-site-rip-sites.html]
[theporndude.com/1150/thenipslip.html]
[theporndude.com/862/theteenbay.html]
[theporndude.com/about.html]
[cdn.jsdelivr.net/algoliasearch/3/algoliasearch.min.js]
[cdnjs.cloudflare.com/ajax/libs/vue/2.3.2/vue.min.js]
[theporndude.com/464/hornywhores.html]
[theporndude.com/1161/naughtyblog.html]
[theporndude.com/1228/0xxx.html]
[theporndude.com/465/adultbay.html]
[theporndude.com/1448/imperiodefamosas.html]
[theporndude.com/1659/camshowdownload.html]
[theporndude.com/1029/pornorips.html]
[theporndude.com/1930/incezt.html]
[theporndude.com/1694/newestxxx.html]
[theporndude.com/1457/piratecams.html]
[theporndude.com/1247/hidefporn.html]
[theporndude.com/1706/3xplanet.html]
[theporndude.com/1456/teenpornb.html]
[theporndude.com/1542/desiunseen.html]
[theporndude.com/1931/new-jav.html]
[theporndude.com/1812/femdomcc.html]
[theporndude.com/1754/siterips.html]
[theporndude.com/best-filehost-sites.html]
[theporndude.com/1049/zeveradownloader.html]
[theporndude.com/1270/keep2share.html]
[theporndude.com/305/uploadednet.html]
[theporndude.com/304/rapidgatornet.html]
[theporndude.com/300/datafile.html]
[theporndude.com/top-pornstar-directories.html]
[theporndude.com/1311/iafd.html]
[theporndude.com/440/freeones.html]
[theporndude.com/436/definebabe.html]
[theporndude.com/438/babepedia.html]
[theporndude.com/433/europornstar.html]
[theporndude.com/1366/babesandstars.html]
[theporndude.com/1408/dbnaked.html]
[theporndude.com/1807/mypornstarbook.html]
[theporndude.com/821/definefetish.html]
[theporndude.com/best-erotic-stories-sites.html]
[theporndude.com/256/literotica.html]
[theporndude.com/258/asstr.html]
[theporndude.com/251/nifty.html]
[theporndude.com/257/lushstories.html]
[theporndude.com/1379/chyoa.html]
[theporndude.com/1986/sexstories.html]
[theporndude.com/1992/xhamsterstories.html]
[theporndude.com/1924/storiesonline.html]
[theporndude.com/1484/noveltrove.html]
[theporndude.com/1115/indiansexstories.html]
[theporndude.com/252/bdsmlibrary.html]
[theporndude.com/253/mcstories.html]
[theporndude.com/1080/bdsmcafe.html]
[theporndude.com/best-porn-link-sites.html]
[theporndude.com/1062/donkparty.html]
[theporndude.com/1327/uselessjunk.html]
[theporndude.com/1522/entensity.html]
[theporndude.com/1402/pinkworld.html]
[theporndude.com/1306/wtfpeople.html]
[theporndude.com/useful-software.html]
[theporndude.com/1531/istripper.html]
[theporndude.com/667/ccleaner.html]
[theporndude.com/1391/adultoffline.html]
[theporndude.com/1148/zoomgirls.html]
[theporndude.com/670/chrome.html]
[theporndude.com/1988/downloadhelper.html]
[theporndude.com/692/jdownloader.html]
[theporndude.com/666/vlc-media-player.html]
[theporndude.com/best-funny-porn-sites.html]
[theporndude.com/323/efukt.html]
[theporndude.com/1061/shooshtime.html]
[theporndude.com/1302/humoron.html]
[theporndude.com/1960/inhumanity.html]
[theporndude.com/1142/daftporn.html]
[theporndude.com/best-lesbian-porn-sites.html]
[theporndude.com/1710/pornhublesbian.html]
[theporndude.com/1729/xhamsterlesbian.html]
[theporndude.com/1730/porndiglesbian.html]
[theporndude.com/1731/redtubelesbian.html]
[theporndude.com/1151/lesbianpornvideos.html]
[theporndude.com/lesbian-porn-premium-sites.html]
[theporndude.com/1711/girlsway.html]
[theporndude.com/1732/welivetogether.html]
[theporndude.com/1940/sweetheartvideo.html]
[theporndude.com/1740/girlfriendsfilms.html]
[theporndude.com/957/whengirlsplay.html]
[theporndude.com/best-escort-sites.html]
[theporndude.com/1424/escortdirectory.html]
[theporndude.com/1497/eurogirlsescort.html]
[theporndude.com/1523/eroticmonkey.html]
[theporndude.com/1765/eros.html]
[theporndude.com/top-premium-sites.html]
[theporndude.com/595/brazzers.html]
[theporndude.com/601/videobox.html]
[theporndude.com/609/realitykings.html]
[theporndude.com/600/digitalplayground.html]
[theporndude.com/599/naughtyamerica.html]
[theporndude.com/608/bangbros.html]
[theporndude.com/606/mofosnetwork.html]
[theporndude.com/714/teamskeet.html]
[theporndude.com/1377/familystrokes.html]
[theporndude.com/1572/czechav.html]
[theporndude.com/946/passion-hd.html]
[theporndude.com/581/clubseventeen.html]
[theporndude.com/604/nubilefilms.html]
[theporndude.com/594/iknowthatgirl.html]
[theporndude.com/1753/vixen.html]
[theporndude.com/1246/evilangel.html]
[theporndude.com/1491/sislovesme.html]
[theporndude.com/1152/celebrity-slips.html]
[theporndude.com/805/exxxtrasmall.html]
[theporndude.com/1003/babesnetwork.html]
[theporndude.com/1827/julesjordan.html]
[theporndude.com/1712/dogfartnetwork.html]
[theporndude.com/1215/teensloveblackcocks.html]
[theporndude.com/1118/blacked.html]
[theporndude.com/1504/tushy.html]
[theporndude.com/607/hustler.html]
[theporndude.com/1107/tiny4k.html]
[theporndude.com/596/gfrevenge.html]
[theporndude.com/590/x-art.html]
[theporndude.com/1985/stasyq.html]
[theporndude.com/1319/pornhubpremium.html]
[theporndude.com/best-porn-games.html]
[theporndude.com/1300/nutaku.html]
[theporndude.com/713/3d-sexvilla-2.html]
[theporndude.com/1607/pussysaga.html]
[theporndude.com/1502/3dxchat.html]
[theporndude.com/711/lifeselector.html]
[theporndude.com/1892/hentaiheroes.html]
[theporndude.com/1340/hotcandyland.html]
[theporndude.com/1489/bigbangempire.html]
[theporndude.com/1071/sexgangsters.html]
[theporndude.com/1926/faptitans.html]
[theporndude.com/1519/mnfclub.html]
[theporndude.com/1537/lessonofpassion.html]
[theporndude.com/1575/gamesofdesire.html]
[theporndude.com/1577/gamcore.html]
[theporndude.com/14/mysexgames.html]
[theporndude.com/1145/wetpussygames.html]
[theporndude.com/1317/porngames.html]
[theporndude.com/1507/studiofow.html]
[theporndude.com/1202/playsexgames.html]
[theporndude.com/1201/playporngames.html]
[theporndude.com/1907/pornplaybb.html]
[theporndude.com/6/redlightcenter.html]
[theporndude.com/1561/pornhubcasino.html]
[theporndude.com/porn-picture-sites.html]
[theporndude.com/313/imagefap.html]
[theporndude.com/1961/pornpics.html]
[theporndude.com/409/fuskator.html]
[theporndude.com/1318/instantfap.html]
[theporndude.com/1997/xhamsterphotos.html]
[theporndude.com/2000/pornhubphotos.html]
[theporndude.com/2002/motherlessphotos.html]
[theporndude.com/1959/anyfap.html]
[theporndude.com/1990/picsvc.html]
[theporndude.com/1328/yoloselfie.html]
[theporndude.com/1257/nude-gals.html]
[theporndude.com/1656/stufferdb.html]
[theporndude.com/1149/hqbabes.html]
[theporndude.com/1165/yourdailygirls.html]
[theporndude.com/989/babesmachine.html]
[theporndude.com/834/amabitch.html]
[theporndude.com/popular-porn-blog.html]
[theporndude.com/46/fleshbot.html]
[theporndude.com/1178/alrincon.html]
[theporndude.com/1393/sexyandfunny1.html]
[theporndude.com/1436/xmissy.html]
[theporndude.com/1509/urlgalleries.html]
[theporndude.com/1660/enf-cmnf.html]
[theporndude.com/1810/bos.html]
[theporndude.com/44/russiasexygirls.html]
[theporndude.com/1919/eroticscribes.html]
[theporndude.com/free-porn-video-hosting.html]
[theporndude.com/1978/openload.html]
[theporndude.com/1698/bitporno.html]
[theporndude.com/1417/videowood.html]
[theporndude.com/320/pornhost.html]
[theporndude.com/free-adult-image-hosting.html]
[theporndude.com/318/imgur.html]
[theporndude.com/317/imagebam.html]
[theporndude.com/685/imgbox.html]
[theporndude.com/683/imagetwist.html]
[theporndude.com/2001/imgchili.html]
[theporndude.com/best-nsfw-reddit-sites.html]
[theporndude.com/156/gonewild.html]
[theporndude.com/155/nsfw.html]
[theporndude.com/85/nsfw-wtf.html]
[theporndude.com/103/grool.html]
[theporndude.com/153/nsfw-gif.html]
[theporndude.com/154/realgirls.html]
[theporndude.com/151/nsfw-gifs.html]
[theporndude.com/133/bustypetite.html]
[theporndude.com/150/amateur.html]
[theporndude.com/152/boobies.html]
[theporndude.com/1125/ass.html]
[theporndude.com/145/cumsluts.html]
[theporndude.com/148/onoff.html]
[theporndude.com/149/legalteens.html]
[theporndude.com/128/girlsfinishingthejob.html]
[theporndude.com/147/girlsinyogapants.html]
[theporndude.com/141/rule34.html]
[theporndude.com/146/ginger.html]
[theporndude.com/1998/nofap.html]
[theporndude.com/59/bdsmgw.html]
[theporndude.com/best-adult-chat-sites.html]
[theporndude.com/672/omegle.html]
[theporndude.com/671/dirtyroulette.html]
[theporndude.com/1265/isexychat.html]
[theporndude.com/700/chatroulette.html]
[theporndude.com/1238/chatzozo.html]
[theporndude.com/best-adult-online-shops.html]
[theporndude.com/42/amazoncom.html]
[theporndude.com/41/fleshlight.html]
[theporndude.com/1390/realdoll.html]
[theporndude.com/1535/adameve.html]
[theporndude.com/1269/adultempire.html]
[theporndude.com/1512/j-list.html]
[theporndude.com/1948/affect3dstore.html]
[theporndude.com/extreme-porn-websites.html]
[theporndude.com/1068/theync.html]
[theporndude.com/1144/kaotic.html]
[theporndude.com/1347/crazyshit.html]
[theporndude.com/1716/xrares.html]
[theporndude.com/1314/superzooi.html]
[theporndude.com/1217/reblop.html]
[theporndude.com/1315/machovideo.html]
[theporndude.com/1987/liveleak.html]
[theporndude.com/best-vintage-porn-sites.html]
[theporndude.com/1476/tubepornclassic.html]
[theporndude.com/vintage-porn-premium-sites.html]
[theporndude.com/1475/theclassicporn.html]
[theporndude.com/famous-celebrity-blogs.html]
[theporndude.com/221/tmz.html]
[theporndude.com/220/perezhilton.html]
[theporndude.com/1152/celebrity-slips.html]
[theporndude.com/1576/celebsroulette.html]
[theporndude.com/1150/thenipslip.html]
[theporndude.com/1448/imperiodefamosas.html]
[theporndude.com/erotic-massage-sites.html]
[theporndude.com/1525/aampmaps.html]
[theporndude.com/1524/rubmaps.html]
[theporndude.com/includes/images/favicon-bottom.png]
[theporndude.com/about.html]
[theporndude.com/includes/js/main.min3471.js]
[theporndude.com/includes/js/lazysizes.min.js]
[theporndude.com/includes/images/watermark.png]
