[www.rabbitsreviews.com/Default.html]
[www.rabbitsreviews.com/index.html]
[backblue.gif]
[fade.gif]
[index.html]
[www.rabbitsreviews.com/favicon.ico]
[www.rabbitsreviews.com/test/labels.xml]
[www.rabbitsreviews.com/images/90x90_mike.png]
[www.rabbitsreviews.com/WebMasters.html]
[www.rabbitsreviews.com/ContactUS.html]
[www.rabbitsreviews.com/hareald/index.html]
[www.rabbitsreviews.com/images/splash/1.jpg]
[www.rabbitsreviews.com/images/splash/3.jpg]
[www.rabbitsreviews.com/images/splash/2.jpg]
[www.rabbitsreviews.com/images/splash/4.jpg]
[www.rabbitsreviews.com/images/splash/5.jpg]
[www.rabbitsreviews.com/images/splash/6.jpg]
[www.rabbitsreviews.com/images/splash/7.jpg]
[www.rabbitsreviews.com/images/xbiz-awards.png]
[www.rabbitsreviews.com/SitesSearch9c78.html]
[www.rabbitsreviews.com/c41/Live-Cam.html]
[www.rabbitsreviews.com/index.html]
[www.rabbitsreviews.com/images/WeReviewIndependently.jpg]
[www.rabbitsreviews.com/images/WeUpdateConstantly.jpg]
[www.rabbitsreviews.com/images/WeListenToOurFans.jpg]
[www.rabbitsreviews.com/categories.html]
[www.rabbitsreviews.com/how-we-work.html]
[www.rabbitsreviews.com/images/categories/165x124/most-popular.jpg]
[www.rabbitsreviews.com/images/categories/165x124/mature.jpg]
[www.rabbitsreviews.com/images/categories/165x124/18-23.jpg]
[www.rabbitsreviews.com/images/categories/165x124/shemale.jpg]
[www.rabbitsreviews.com/images/categories/165x124/lesbian.jpg]
[www.rabbitsreviews.com/images/categories/165x124/reality.jpg]
[www.rabbitsreviews.com/images/lightningbolt.svg]
[www.rabbitsreviews.com/images/thumbs2/paperstreet/teen-pies9.jpg]
[www.rabbitsreviews.com/SitesSearch0316.html]
[www.rabbitsreviews.com/outgoing/default/index.html]
[www.rabbitsreviews.com/money-back-guarantee.html]
[www.rabbitsreviews.com/images/news.png]
[www.rabbitsreviews.com/images/uploads/RRnewfeatures.png]
[www.rabbitsreviews.com/images/security.png]
[www.rabbitsreviews.com/hareald/fresh-features-customer-reviews/index.html]
[www.rabbitsreviews.com/images/thumbs2/various/fucking-glasses7.jpg]
[www.rabbitsreviews.com/images/thumbs2/various/trick-your-gf4.jpg]
[www.rabbitsreviews.com/images/thumbs2/mtree/streamate23.jpg]
[www.rabbitsreviews.com/images/thumbs2/various/my-free-cams17.jpg]
[www.rabbitsreviews.com/images/thumbs2/juggcash/brazzers-network37.jpg]
[www.rabbitsreviews.com/images/thumbs2/nasty/reality-kings52.jpg]
[www.rabbitsreviews.com/Default.html]
[www.rabbitsreviews.com/images/twitter.png]
[www.rabbitsreviews.com/WebMasters.html]
[www.rabbitsreviews.com/images/ynot-winner2011.gif]
[www.rabbitsreviews.com/images/xba_winner.gif]
[www.rabbitsreviews.com/images/xba_nominee_2007.gif]
[www.rabbitsreviews.com/images/xba11_nominee.gif]
[www.rabbitsreviews.com/images/xbiz_nominee2012.jpg]
[www.rabbitsreviews.com/images/ynot-winner2012.gif]
[www.rabbitsreviews.com/images/xbiz_nominee2013.jpg]
[www.rabbitsreviews.com/images/xbiz_nominee2014.jpg]
[www.rabbitsreviews.com/ContactUS.html]
[www.rabbitsreviews.com/images/xbiz_nominee2015.gif]
[www.rabbitsreviews.com/hareald/wp-content/uploads/2014/05/RR-Fave.jpg]
[www.rabbitsreviews.com/hareald/feed/index.html]
[www.rabbitsreviews.com/hareald/comments/feed/index.html]
[www.rabbitsreviews.com/hareald/page/2/index.html]
[www.rabbitsreviews.com/hareald/wp-includes/js/jquery/jqueryb8ff.js]
[www.rabbitsreviews.com/hareald/wp-content/plugins/smpl-shortcodes/assets/js/smpl-shortcodes68b3.js]
[www.rabbitsreviews.com/hareald/wp-includes/js/jquery/jquery-migrate.min330a.js]
[www.rabbitsreviews.com/hareald/wp-content/plugins/wonderplugin-gallery/engine/wonderplugingalleryd771.js]
[www.rabbitsreviews.com/hareald/wp-content/themes/valenti/library/js/modernizr.custom.min61da.js]
[www.rabbitsreviews.com/hareald/wp-includes/wlwmanifest.xml]
[www.rabbitsreviews.com/hareald/wp-content/uploads/2014/05/texture-wood-background.jpg]
[www.rabbitsreviews.com/hareald/wp-content/uploads/2014/05/GREYSTripes.jpg]
[www.rabbitsreviews.com/hareald/wp-content/uploads/2014/05/hareald-wood_live.png]
[www.rabbitsreviews.com/hareald/xmlrpc0db0.php]
[www.rabbitsreviews.com/hareald/rr-home/index.html]
[www.rabbitsreviews.com/hareald/live-cam-schedule-starting-weekend/index.html]
[www.rabbitsreviews.com/rise/index.html]
[www.rabbitsreviews.com/hareald/wp-content/uploads/2014/05/18-600x400.jpg]
[www.rabbitsreviews.com/hareald/wp-content/uploads/2017/07/15319_meganrain_020-400x250.jpg]
[www.rabbitsreviews.com/hareald/nun-thins-sexier/index.html]
[www.rabbitsreviews.com/hareald/takes-quite-polish-pair/index.html]
[www.rabbitsreviews.com/hareald/author/april/index.html]
[www.rabbitsreviews.com/hareald/author/will/index.html]
[www.rabbitsreviews.com/hareald/upcoming-live-cam-shows/index.html]
[www.rabbitsreviews.com/hareald/wp-content/uploads/2017/07/PolishBlog-1-400x250.jpg]
[www.rabbitsreviews.com/hareald/wp-content/uploads/2017/06/july4blog-400x250.jpg]
[www.rabbitsreviews.com/hareald/america-fuck-yeah-july-4th-flash-discounts/index.html]
[www.rabbitsreviews.com/hareald/wp-admin/admin-ajaxbc57.php]
[www.rabbitsreviews.com/hareald/index.html]
[www.rabbitsreviews.com/images/xs-logo.svg]
[www.rabbitsreviews.com/images/logo-gay.svg]
[www.rabbitsreviews.com/images/logo.svg]
[www.rabbitsreviews.com/images/guarantee.svg]
[www.rabbitsreviews.com/hareald/happy-canada-day-happy-fourth-july/index.html]
[www.rabbitsreviews.com/hareald/three-new-life-selector-scenes-long-weekend/index.html]
[www.rabbitsreviews.com/hareald/bonne-fete-le-quebec/index.html]
[www.rabbitsreviews.com/hareald/get-close-personal-anna-bell-peaks/index.html]
[www.rabbitsreviews.com/hareald/author/clark/index.html]
[www.rabbitsreviews.com/hareald/wp-content/uploads/2017/06/BLogCAnadaDAy-750x400.jpg]
[www.rabbitsreviews.com/hareald/wp-content/uploads/2014/05/BlogMain-750x400.jpg]
[www.rabbitsreviews.com/hareald/wp-content/uploads/2014/05/BLogMain-750x400-2.jpg]
[www.rabbitsreviews.com/hareald/new-life-selector-scenes/index.html]
[www.rabbitsreviews.com/hareald/wp-content/uploads/2014/05/savana_styles_black_fishnet_pov-13-750x400.jpg]
[www.rabbitsreviews.com/hareald/wp-content/uploads/2017/06/LifeSelectorMainblog-750x400.jpg]
[www.rabbitsreviews.com/s11856/DDF-Network3d1e.html]
[www.rabbitsreviews.com/hareald/page/3/index.html]
[www.rabbitsreviews.com/hareald/page/4/index.html]
[www.rabbitsreviews.com/hareald/page/5/index.html]
[www.rabbitsreviews.com/hareald/page/6/index.html]
[www.rabbitsreviews.com/hareald/page/7/index.html]
[www.rabbitsreviews.com/hareald/wp-content/uploads/2014/05/125-EVIL.jpg]
[www.rabbitsreviews.com/hareald/wp-content/uploads/2014/05/125-DDF.jpg]
[www.rabbitsreviews.com/s10331/Tainster3d1e.html]
[www.rabbitsreviews.com/hareald/wp-content/uploads/2014/05/125-TAINSTER.jpg]
[www.rabbitsreviews.com/hareald/wp-content/uploads/2014/05/125-HUSTLER.jpg]
[www.rabbitsreviews.com/s9220/Evil-Angel3d1e.html]
[www.rabbitsreviews.com/s289/Hustler3d1e.html]
[www.rabbitsreviews.com/hareald/wp-content/uploads/2014/05/125-BRAZZERS.jpg]
[www.rabbitsreviews.com/s5317/Brazzers-Network3d1e.html]
[www.rabbitsreviews.com/hareald/wp-content/uploads/2014/05/125-TWISTYS.jpg]
[www.rabbitsreviews.com/hareald/wp-content/plugins/social-media-widget/images/default/32/twitter.png]
[www.rabbitsreviews.com/hareald/wp-content/plugins/social-media-widget/images/default/32/youtube.png]
[www.rabbitsreviews.com/hareald/wp-content/plugins/social-media-widget/images/default/32/instagram.png]
[www.rabbitsreviews.com/s1571/Twistys3d1e.html]
[www.rabbitsreviews.com/hareald/wp-content/plugins/social-media-widget/images/default/32/pinterest.png]
[www.rabbitsreviews.com/hareald/category/entertainment/index.html]
[www.rabbitsreviews.com/hareald/category/features/index.html]
[www.rabbitsreviews.com/hareald/category/entertainment/gaming/index.html]
[www.rabbitsreviews.com/hareald/category/humour/index.html]
[www.rabbitsreviews.com/hareald/category/members-only/index.html]
[www.rabbitsreviews.com/hareald/category/nudeology/index.html]
[www.rabbitsreviews.com/hareald/category/sex-tech/index.html]
[www.rabbitsreviews.com/hareald/category/sex-trends/index.html]
[www.rabbitsreviews.com/hareald/category/uncategorized/index.html]
[www.rabbitsreviews.com/hareald/short-curly-history-pubic-hair/index.html]
[www.rabbitsreviews.com/hareald/alaura-grey-wait/index.html]
[www.rabbitsreviews.com/hareald/first-vr-porn-experience/index.html]
[www.rabbitsreviews.com/hareald/white-aint-right-kinky-june-brides/index.html]
[www.rabbitsreviews.com/hareald/wp-content/uploads/2016/05/Brought-By-RRev1.png]
[www.rabbitsreviews.com/hareald/nominate-now-for-the-2017-rise-awards/index.html]
[www.rabbitsreviews.com/hareald/us-template/index.html]
[www.rabbitsreviews.com/hareald/wp-content/plugins/contact-form-7/includes/js/jquery.form.mind03d.js]
[www.rabbitsreviews.com/hareald/hit-hareald/index.html]
[www.rabbitsreviews.com/hareald/wp-content/plugins/contact-form-7/includes/js/scriptsf39e.js]
[www.rabbitsreviews.com/hareald/wp-content/plugins/wp-postratings/postratings-jsd9b4.js]
[www.rabbitsreviews.com/hareald/wp-content/themes/valenti/library/js/jquery.flexslider-min66f2.js]
[www.rabbitsreviews.com/hareald/wp-content/themes/valenti/library/js/selectivizr-min66f2.js]
[www.rabbitsreviews.com/hareald/wp-content/themes/valenti/library/js/jquery.fs.boxer.min66f2.js]
[www.rabbitsreviews.com/hareald/wp-content/themes/valenti/library/js/jquery.ext66f2.js]
[www.rabbitsreviews.com/hareald/wp-content/themes/valenti/library/js/cb-scripts128b.js]
[www.rabbitsreviews.com/hareald/wp-includes/js/wp-embed.min66f2.js]
[www.rabbitsreviews.com/hareald/wp-content/plugins/yop-poll/js/yop-poll-supercookie3e35.js]
[www.rabbitsreviews.com/hareald/wp-content/plugins/yop-poll/js/super-cookie/superCookie-min3e35.js]
[www.rabbitsreviews.com/hareald/wp-content/plugins/yop-poll/js/super-cookie/swfobject/swfobject3e35.js]
[www.rabbitsreviews.com/hareald/wp-content/plugins/yop-poll/js/jquery.popupWindow3e35.js]
[www.rabbitsreviews.com/hareald/wp-content/plugins/yop-poll/js/yop-poll-public3e35.js]
[www.rabbitsreviews.com/hareald/wp-content/plugins/yop-poll/js/yop-poll-jquery.base64.min3e35.js]
[www.rabbitsreviews.com/hareald/wp-content/plugins/yop-poll/js/yop-poll-json23e35.js]
[www.rabbitsreviews.com/SitesSearch.html]
[www.rabbitsreviews.com/images/thumbs2/ddfcash/ddf-network58.jpg]
[www.rabbitsreviews.com/images/thumbs2/various/nubilesnet39.jpg]
[www.rabbitsreviews.com/images/thumbs2/famedollars/fame-digital8.jpg]
[www.rabbitsreviews.com/outgoing/search/index.html]
[www.rabbitsreviews.com/SitesSearch9c78.html]
[www.rabbitsreviews.com/images/thumbs2/various/my-free-cams24.12c.delayed]
[www.rabbitsreviews.com/images/categories/live-cam.jpg]
[www.rabbitsreviews.com/images/thumbs2/awempire/jasmincom2.jpg]
[www.rabbitsreviews.com/images/thumbs2/pussycash/im-live17.jpg]
[www.rabbitsreviews.com/images/thumbs2/pussycash/sexier4.jpg]
[www.rabbitsreviews.com/outgoing/category/index.html]
[www.rabbitsreviews.com/c41/Live-Cam.html]
[www.rabbitsreviews.com/categories.html]
[www.rabbitsreviews.com/images/categories/most-popular.jpg]
[www.rabbitsreviews.com/images/categories/18-23.jpg]
[www.rabbitsreviews.com/how-we-work.html]
[www.rabbitsreviews.com/images/categories/lesbian.jpg]
[www.rabbitsreviews.com/images/categories/mature.jpg]
[www.rabbitsreviews.com/images/categories/reality.jpg]
[www.rabbitsreviews.com/images/categories/shemale.jpg]
[www.rabbitsreviews.com/images/categories/individual-models.jpg]
[www.rabbitsreviews.com/images/categories/gay.jpg]
[www.rabbitsreviews.com/images/categories/porn-stars.jpg]
[www.rabbitsreviews.com/images/categories/amateur.jpg]
[www.rabbitsreviews.com/images/categories/femdom.jpg]
[www.rabbitsreviews.com/images/categories/fetish.jpg]
[www.rabbitsreviews.com/images/categories/hardcore.jpg]
[www.rabbitsreviews.com/images/categories/asian.jpg]
[www.rabbitsreviews.com/images/categories/big-tits.jpg]
[www.rabbitsreviews.com/images/categories/megasite.jpg]
[www.rabbitsreviews.com/images/categories/lingerie.jpg]
[www.rabbitsreviews.com/images/categories/cartoons.jpg]
[www.rabbitsreviews.com/images/categories/voyeur.jpg]
[www.rabbitsreviews.com/images/categories/bdsm.jpg]
[www.rabbitsreviews.com/images/categories/latina.jpg]
[www.rabbitsreviews.com/images/categories/ebony.jpg]
[www.rabbitsreviews.com/images/categories/interracial.jpg]
[www.rabbitsreviews.com/images/categories/babes.jpg]
[www.rabbitsreviews.com/images/lightningbolt.svg]
[www.rabbitsreviews.com/images/categories/anal.jpg]
[www.rabbitsreviews.com/images/categories/foot.jpg]
[www.rabbitsreviews.com/images/categories/bbw.jpg]
[www.rabbitsreviews.com/images/categories/movies.jpg]
[www.rabbitsreviews.com/images/categories/blowjobs.jpg]
[www.rabbitsreviews.com/images/categories/masturbation.jpg]
[www.rabbitsreviews.com/images/categories/gang-bangs.jpg]
[www.rabbitsreviews.com/images/categories/facial-cum.jpg]
[www.rabbitsreviews.com/outgoing/default/index.html]
[www.rabbitsreviews.com/images/categories/spanking.jpg]
[www.rabbitsreviews.com/images/categories/various.jpg]
[www.rabbitsreviews.com/images/categories/softcore.jpg]
[www.rabbitsreviews.com/images/categories/handjobs.jpg]
[www.rabbitsreviews.com/images/categories/casting.jpg]
[www.rabbitsreviews.com/images/categories/pov.jpg]
[www.rabbitsreviews.com/images/categories/vr.jpg]
[www.rabbitsreviews.com/images/categories/indian.jpg]
[www.rabbitsreviews.com/images/categories/creampies.jpg]
[www.rabbitsreviews.com/images/categories/ass.jpg]
[www.rabbitsreviews.com/images/thumbs2/various/private7.jpg]
[www.rabbitsreviews.com/images/thumbs2/ddfcash/1by-day61.jpg]
[www.rabbitsreviews.com/images/categories/hairy.jpg]
[www.rabbitsreviews.com/images/thumbs2/various/teen-mega-world9.jpg]
[www.rabbitsreviews.com/images/categories/pay-per-view.jpg]
[www.rabbitsreviews.com/images/categories/peeing.jpg]
[www.rabbitsreviews.com/images/categories/monster-cocks.jpg]
[www.rabbitsreviews.com/images/categories/pregnant.jpg]
[www.rabbitsreviews.com/images/categories/for-women.jpg]
[www.rabbitsreviews.com/images/categories/non-nude.jpg]
[www.rabbitsreviews.com/images/categories/squirting.jpg]
[www.rabbitsreviews.com/images/categories/drunk.jpg]
[www.rabbitsreviews.com/images/categories/bizarre.jpg]
[www.rabbitsreviews.com/images/categories/celebrity.jpg]
[www.rabbitsreviews.com/images/categories/bisexual.jpg]
[www.rabbitsreviews.com/images/categories/cheerleader.jpg]
[www.rabbitsreviews.com/images/categories/ethnic.jpg]
[www.rabbitsreviews.com/SitesSearch0316.html]
[www.rabbitsreviews.com/money-back-guarantee.html]
[www.rabbitsreviews.com/hareald/wp-content/uploads/2014/05/NewFeaturesFINAL.jpg]
[www.rabbitsreviews.com/hareald/wp-content/uploads/2016/11/Reply.png]
[www.rabbitsreviews.com/hareald/wp-content/uploads/2016/11/Untitled-1-300x164.png]
[www.rabbitsreviews.com/hareald/wp-content/uploads/2016/11/FireShot-Screen-Capture-343-Manage-your-preferences-www_rabbitsreviews_com_mystuffloggedpref_aspxtab-profi.png]
[www.rabbitsreviews.com/hareald/wp-json/oembed/1.0/embedfc51.json]
[www.rabbitsreviews.com/hareald/fresh-features-customer-reviews/feed/index.html]
[www.rabbitsreviews.com/hareald/wp-json/oembed/1.0/embedf99f]
[apis.google.com/js/plusone.js]
[www.rabbitsreviews.com/hareald/wp-content/uploads/2015/05/MIKE-QUASAR-LOVES-DIRECTING-LESBIAN-PORN-360x240.jpg]
[www.rabbitsreviews.com/hareald/wp-content/uploads/2015/01/AVA-DEVINE-PROFILE-360x240.jpg]
[www.rabbitsreviews.com/hareald/bbc-doesnt-just-stand-british-broadcasting-corporation/index.html]
[www.rabbitsreviews.com/hareald/even-better-just-bigger-real-thing/index.html]
[www.rabbitsreviews.com/hareald/avn-hall-fame-director-mike-quasar-loves-directing-lesbian-porn/index.html]
[www.rabbitsreviews.com/hareald/wp-content/uploads/2017/07/85455-pt3-031-430x270.jpg]
[www.rabbitsreviews.com/hareald/author/anderson/index.html]
[www.rabbitsreviews.com/hareald/wp-content/uploads/2014/05/BlackStepdAdBlog-430x270.jpg]
[www.rabbitsreviews.com/hareald/wp-content/uploads/2014/05/NubilesBlogImage-430x270.jpg]
[www.rabbitsreviews.com/hareald/wp-content/uploads/2016/12/BlogNaughtyVsNice1-430x270.jpg]
[www.rabbitsreviews.com/hareald/wp-content/uploads/2014/05/StockingStuffers-430x270.jpg]
[www.rabbitsreviews.com/hareald/masturbate-human-fuck-everyone-devine/index.html]
[img.youtube.com/vi/q5XxbnAwS8o/0.jpg]
[www.rabbitsreviews.com/hareald/fresh-features-customer-reviews/index94ca.html]
[img.youtube.com/vi/q5XxbnAwS8o/1.jpg]
[www.rabbitsreviews.com/hareald/lets-put-dd-dad-fathers-day/index.html]
[img.youtube.com/vi/J9Hb4eidDB4/0.jpg]
[img.youtube.com/vi/J9Hb4eidDB4/1.jpg]
[www.rabbitsreviews.com/hareald/let-sexy-teens-keep-you-warm/index.html]
[www.rabbitsreviews.com/hareald/naughty-vs-nice-rabbits-edition/index.html]
[img.youtube.com/vi/NnRVmiqm84k/0.jpg]
[www.rabbitsreviews.com/hareald/hung-fireplace-screensaver-care/index.html]
[img.youtube.com/vi/NnRVmiqm84k/1.jpg]
[img.youtube.com/vi/FpwgEk-dj2I/0.jpg]
[img.youtube.com/vi/FpwgEk-dj2I/1.jpg]
[www.rabbitsreviews.com/hareald/wp-admin/admin-ajax.php]
[www.rabbitsreviews.com/hareald/wp-content/plugins/akismet/_inc/formd617.js]
[www.rabbitsreviews.com/hareald/wp-includes/js/comment-reply.min66f2.js]
[www.rabbitsreviews.com/hareald/fresh-features-customer-reviews/index.html]
[www.rabbitsreviews.com/hareald/wp-content/themes/valenti/library/js/cookie.min66f2.js]
[www.rabbitsreviews.com/images/exclusive-deals.svg]
[www.rabbitsreviews.com/images/mobile-friendly.svg]
[www.rabbitsreviews.com/images/award-money-back.svg]
[www.rabbitsreviews.com/images/award-winner.svg]
[www.rabbitsreviews.com/hareald/xmlrpc.php]
[www.rabbitsreviews.com/hareald/page/2/index.html]
[www.rabbitsreviews.com/hareald/wp-content/plugins/contact-form-7/includes/css/stylesf39e.css]
[www.rabbitsreviews.com/hareald/wp-content/plugins/smpl-shortcodes/assets/css/smpl-shortcodes66f2.css]
[www.rabbitsreviews.com/hareald/wp-content/plugins/social-media-widget/social_widget66f2.css]
[www.rabbitsreviews.com/hareald/wp-content/plugins/wp-postratings/postratings-cssd9b4.css]
[www.rabbitsreviews.com/hareald/wp-content/themes/valenti/library/css/style128b.css]
[www.rabbitsreviews.com/hareald/wp-content/themes/valenti/library/css/fontawesome/css/font-awesome.minbfce.css]
[www.rabbitsreviews.com/hareald/rr-home/index.html]
[www.rabbitsreviews.com/rise/index.html]
[www.rabbitsreviews.com/hareald/live-cam-schedule-starting-weekend/index.html]
[www.rabbitsreviews.com/hareald/author/april/index.html]
[www.rabbitsreviews.com/hareald/nun-thins-sexier/index.html]
[www.rabbitsreviews.com/hareald/author/will/index.html]
[www.rabbitsreviews.com/hareald/upcoming-live-cam-shows/index.html]
[www.rabbitsreviews.com/hareald/takes-quite-polish-pair/index.html]
[www.rabbitsreviews.com/hareald/america-fuck-yeah-july-4th-flash-discounts/index.html]
[www.rabbitsreviews.com/hareald/author/clark/index.html]
[www.rabbitsreviews.com/hareald/happy-canada-day-happy-fourth-july/index.html]
[www.rabbitsreviews.com/hareald/three-new-life-selector-scenes-long-weekend/index.html]
[www.rabbitsreviews.com/hareald/get-close-personal-anna-bell-peaks/index.html]
[www.rabbitsreviews.com/hareald/bonne-fete-le-quebec/index.html]
[www.rabbitsreviews.com/hareald/new-life-selector-scenes/index.html]
[www.rabbitsreviews.com/hareald/page/3/index.html]
[www.rabbitsreviews.com/hareald/page/4/index.html]
[www.rabbitsreviews.com/hareald/page/5/index.html]
[www.rabbitsreviews.com/hareald/page/6/index.html]
[www.rabbitsreviews.com/hareald/page/7/index.html]
[www.rabbitsreviews.com/s11856/DDF-Network3d1e.html]
[www.rabbitsreviews.com/s9220/Evil-Angel3d1e.html]
[www.rabbitsreviews.com/s10331/Tainster3d1e.html]
[www.rabbitsreviews.com/s289/Hustler3d1e.html]
[www.rabbitsreviews.com/s5317/Brazzers-Network3d1e.html]
[www.rabbitsreviews.com/s1571/Twistys3d1e.html]
[www.rabbitsreviews.com/hareald/category/entertainment/index.html]
[www.rabbitsreviews.com/hareald/category/features/index.html]
[www.rabbitsreviews.com/hareald/category/entertainment/gaming/index.html]
[www.rabbitsreviews.com/hareald/category/humour/index.html]
[www.rabbitsreviews.com/hareald/category/members-only/index.html]
[www.rabbitsreviews.com/hareald/category/nudeology/index.html]
[www.rabbitsreviews.com/hareald/category/sex-tech/index.html]
[www.rabbitsreviews.com/hareald/category/sex-trends/index.html]
[www.rabbitsreviews.com/hareald/category/uncategorized/index.html]
[www.rabbitsreviews.com/hareald/wp-content/uploads/2017/07/85455-pt3-031-600x400.jpg]
[www.rabbitsreviews.com/hareald/wp-json/index.html]
[www.rabbitsreviews.com/hareald/alaura-grey-wait/index.html]
[www.rabbitsreviews.com/hareald/short-curly-history-pubic-hair/index.html]
[www.rabbitsreviews.com/hareald/white-aint-right-kinky-june-brides/index.html]
[www.rabbitsreviews.com/hareald/first-vr-porn-experience/index.html]
[www.rabbitsreviews.com/hareald/nominate-now-for-the-2017-rise-awards/index.html]
[www.rabbitsreviews.com/hareald/us-template/index.html]
[www.rabbitsreviews.com/hareald/hit-hareald/index.html]
[www.rabbitsreviews.com/hareald/wp-content/plugins/yop-poll/css/yop-poll-public3e35.css]
[www.rabbitsreviews.com/hareald/wp-admin/admin-ajaxbc57.html]
[www.rabbitsreviews.com/SitesSearch.html]
[www.rabbitsreviews.com/outgoing/search/index.html]
[www.rabbitsreviews.com/outgoing/category/index.html]
[www.rabbitsreviews.com/hareald/indexc521.html]
[www.rabbitsreviews.com/hareald/bbc-doesnt-just-stand-british-broadcasting-corporation/index.html]
[www.rabbitsreviews.com/hareald/even-better-just-bigger-real-thing/index.html]
[www.rabbitsreviews.com/hareald/avn-hall-fame-director-mike-quasar-loves-directing-lesbian-porn/index.html]
[www.rabbitsreviews.com/hareald/author/anderson/index.html]
[www.rabbitsreviews.com/hareald/masturbate-human-fuck-everyone-devine/index.html]
[www.rabbitsreviews.com/hareald/fresh-features-customer-reviews/index94ca.html]
[www.rabbitsreviews.com/hareald/lets-put-dd-dad-fathers-day/index.html]
[www.rabbitsreviews.com/hareald/let-sexy-teens-keep-you-warm/index.html]
[www.rabbitsreviews.com/hareald/naughty-vs-nice-rabbits-edition/index.html]
[www.rabbitsreviews.com/hareald/hung-fireplace-screensaver-care/index.html]
[www.rabbitsreviews.com/hareald/wp-admin/admin-ajax.html]
[maxcdn.bootstrapcdn.com/bootstrap/3.3.6/css/bootstrap.min.css]
[maxcdn.bootstrapcdn.com/font-awesome/4.6.3/css/font-awesome.min.css]
[www.rabbitsreviews.com/ver591ef180/css/024e985.css]
[www.rabbitsreviews.com/ver591ef180/js/778ac7c.js]
[www.googletagmanager.com/gtm5445.js]
[www.rabbitsreviews.com/mystuff.aspx]
[www.rabbitsreviews.com/Defaultb3a3.aspx]
[rabbits.webcam/index47ac.html]
[www.rabbitsreviews.com/rabbitsfaq.aspx]
[www.rabbitsreviews.com/s5317/Brazzers-Network.html]
[www.rabbitsreviews.com/s11856/DDF-Network.html]
[www.rabbitsreviews.com/s4903/Reality-Kings.html]
[www.rabbitsreviews.com/s325/Nubilesnet.html]
[www.rabbitsreviews.com/s8518/Fame-Digital.html]
[www.rabbitsreviews.com/s723/Private.html]
[www.rabbitsreviews.com/s9333/Streamate.html]
[www.rabbitsreviews.com/s8911/My-Free-Cams.html]
[www.rabbitsreviews.com/s25383/Jasmincom.html]
[www.rabbitsreviews.com/s1229/Im-Live.html]
[www.rabbitsreviews.com/s1326/Sexier.html]
[www.rabbitsreviews.com/s8201/Sakura-Live.html]
[www.rabbitsreviews.com/c88/most-popular.html]
[www.rabbitsreviews.com/c7/18-23.html]
[www.rabbitsreviews.com/c9/Lesbian.html]
[www.rabbitsreviews.com/c27/Mature.html]
[www.rabbitsreviews.com/c32/Reality.html]
[www.rabbitsreviews.com/c29/Shemale.html]
[browser-update.org/update.min.js]
[www.rabbitsreviews.com/mystuffb014.aspx]
[www.rabbitsreviews.com/mystufff65c.aspx]
[www.rabbitsreviews.com/specialprices.aspx]
[www.rabbitsreviews.com/porn-trials.html]
[www.rabbitsreviews.com/AboutUs.aspx]
[www.rabbitsreviews.com/s26057/Teen-Pies.html]
[www.rabbitsreviews.com/OpenSite32e7.aspx]
[www.rabbitsreviews.com/c10/Amateur.html]
[www.rabbitsreviews.com/c11/Anal.html]
[www.rabbitsreviews.com/c12/Asian.html]
[www.rabbitsreviews.com/c58/Ass.html]
[www.rabbitsreviews.com/c31/Babes.html]
[www.rabbitsreviews.com/c13/BBW.html]
[www.rabbitsreviews.com/c20/BDSM.html]
[www.rabbitsreviews.com/c14/Big-Tits.html]
[www.rabbitsreviews.com/c42/Bisexual.html]
[www.rabbitsreviews.com/c46/Bizarre.html]
[www.rabbitsreviews.com/c47/Blowjobs.html]
[www.rabbitsreviews.com/c36/Cartoons.html]
[www.rabbitsreviews.com/c89/Casting.html]
[www.rabbitsreviews.com/c49/Celebrity.html]
[www.rabbitsreviews.com/c34/Cheerleader.html]
[www.rabbitsreviews.com/c48/Creampies.html]
[www.rabbitsreviews.com/c15/Drunk.html]
[www.rabbitsreviews.com/c16/Ebony.html]
[www.rabbitsreviews.com/c40/Ethnic.html]
[www.rabbitsreviews.com/c17/Facial-Cum.html]
[www.rabbitsreviews.com/c18/FemDom.html]
[www.rabbitsreviews.com/c19/Fetish.html]
[www.rabbitsreviews.com/c60/Foot.html]
[www.rabbitsreviews.com/c50/For-Women.html]
[www.rabbitsreviews.com/c45/Gang-Bangs.html]
[www.rabbitsreviews.com/c22/Hairy.html]
[www.rabbitsreviews.com/c52/Handjobs.html]
[www.rabbitsreviews.com/c8/Hardcore.html]
[www.rabbitsreviews.com/c54/Indian.html]
[www.rabbitsreviews.com/c38/Individual-Models.html]
[www.rabbitsreviews.com/c23/Interracial.html]
[www.rabbitsreviews.com/c24/Latina.html]
[www.rabbitsreviews.com/c39/Lingerie.html]
[www.rabbitsreviews.com/c64/Masturbation.html]
[www.rabbitsreviews.com/c33/Mega-Site.html]
[www.rabbitsreviews.com/c44/Monster-Cocks.html]
[www.rabbitsreviews.com/c26/Movies.html]
[www.rabbitsreviews.com/c57/Non-Nude.html]
[www.rabbitsreviews.com/c56/Pay-Per-View.html]
[www.rabbitsreviews.com/c25/Peeing.html]
[www.rabbitsreviews.com/c35/Porn-Stars.html]
[www.rabbitsreviews.com/c93/POV.html]
[www.rabbitsreviews.com/c28/Pregnant.html]
[www.rabbitsreviews.com/c43/Softcore.html]
[www.rabbitsreviews.com/c51/Spanking.html]
[www.rabbitsreviews.com/c55/Squirting.html]
[www.rabbitsreviews.com/c37/Various.html]
[www.rabbitsreviews.com/c30/Voyeur.html]
[www.rabbitsreviews.com/c91/VR.html]
[www.rabbitsreviews.com/s24307/Fucking-Glasses.html]
[www.rabbitsreviews.com/OpenSite313f.aspx]
[www.rabbitsreviews.com/s25949/Trick-Your-GF.html]
[www.rabbitsreviews.com/OpenSitea4b3.aspx]
[www.rabbitsreviews.com/s29123/Mom-Knows-Best.html]
[www.rabbitsreviews.com/OpenSite3102.aspx]
[www.rabbitsreviews.com/s27229/Elegant-Raw.html]
[www.rabbitsreviews.com/OpenSite6dcf.aspx]
[www.rabbitsreviews.com/s22382/Struggling-Babes.html]
[www.rabbitsreviews.com/OpenSitecf53.aspx]
[www.rabbitsreviews.com/s28913/Sinful-XXX.html]
[www.rabbitsreviews.com/OpenSitee636.aspx]
[www.rabbitsreviews.com/s25947/She-Is-Nerdy.html]
[www.rabbitsreviews.com/OpenSitebf49.aspx]
[www.rabbitsreviews.com/s29045/Submissed.html]
[www.rabbitsreviews.com/OpenSitebd8e.aspx]
[www.rabbitsreviews.com/s29175/Granddadz.html]
[www.rabbitsreviews.com/OpenSitef3dc.aspx]
[www.rabbitsreviews.com/s25971/Amsterdam-Sex-Trips.html]
[www.rabbitsreviews.com/OpenSite39d6.aspx]
[www.rabbitsreviews.com/Default8b1f.aspx]
[www.rabbitsreviews.com/OpenSite94ba.aspx]
[www.rabbitsreviews.com/OpenSite3dc0.aspx]
[www.rabbitsreviews.com/OpenSite4d1c.aspx]
[www.rabbitsreviews.com/OpenSitea526.aspx]
[www.rabbitsreviews.com/OpenSite59be.aspx]
[www.rabbitsreviews.com/OpenSite2508.aspx]
[www.rabbitsreviews.com/s5178/Cams.html]
[www.rabbitsreviews.com/OpenSitee0b6.aspx]
[www.rabbitsreviews.com/s9339/Tsmate.html]
[www.rabbitsreviews.com/OpenSite65d1.aspx]
[www.rabbitsreviews.com/s692/Flirt-4-Free.html]
[www.rabbitsreviews.com/OpenSite4897.aspx]
[www.rabbitsreviews.com/s22606/Bonga-Cams.html]
[www.rabbitsreviews.com/OpenSite0847.aspx]
[www.rabbitsreviews.com/Default55e6.aspx]
[www.rabbitsreviews.com/OpenSite4158.aspx]
[www.rabbitsreviews.com/OpenSite95dd.aspx]
[www.rabbitsreviews.com/OpenSitef9c4.aspx]
[www.rabbitsreviews.com/OpenSitee992.aspx]
[www.rabbitsreviews.com/OpenSite41c2.aspx]
[www.rabbitsreviews.com/OpenSite2bf5.aspx]
[www.rabbitsreviews.com/s450/1by-day.html]
[www.rabbitsreviews.com/OpenSite1296.aspx]
[www.rabbitsreviews.com/s5962/Naughty-America.html]
[www.rabbitsreviews.com/OpenSitec635.aspx]
[www.rabbitsreviews.com/s4247/Teen-Mega-World.html]
[www.rabbitsreviews.com/OpenSite3a8f.aspx]
[www.rabbitsreviews.com/s3730/Devils-Film.html]
[www.rabbitsreviews.com/OpenSiteda04.aspx]
[www.rabbitsreviews.com/Default20a5.aspx]
[www.rabbitsreviews.com/s100/Linseys-World.html]
[www.rabbitsreviews.com/user-rated.html]
[www.rabbitsreviews.com/latest.xml]
[www.rabbitsreviews.com/LinksPage.aspx]
[www.rabbitsreviews.com/webmastersforms.aspx]
[www.rabbitsreviews.com/faq.aspx]
[www.rabbitsreviews.com/mystufff47f.aspx]
[www.rabbitsreviews.com/c21/Gay.html]
[www.google-analytics.com/analytics.js]
[www.playingnaughty.com/index.html]
[www.cqant.com/index.html]
[www.rabbitsreviews.com/SitesSearch4658.aspx]
[www.rabbitsreviews.com/s9220/Evil-Angel.html]
[www.rabbitsreviews.com/OpenSitedd8a.aspx]
[www.rabbitsreviews.com/s25725/Mile-High-Media.html]
[www.rabbitsreviews.com/OpenSite7e7a.aspx]
[www.rabbitsreviews.com/s28947/PornDoe-Premium.html]
[www.rabbitsreviews.com/OpenSiteb3d2.aspx]
[www.rabbitsreviews.com/s5060/Chick-Pass.html]
[www.rabbitsreviews.com/OpenSite1b47.aspx]
[www.rabbitsreviews.com/s29307/18-Videoz.html]
[www.rabbitsreviews.com/OpenSitec43a.aspx]
[www.rabbitsreviews.com/s324/MET-Art.html]
[www.rabbitsreviews.com/OpenSite1193.aspx]
[www.rabbitsreviews.com/s4414/Cherry-Spot.html]
[www.rabbitsreviews.com/OpenSite95a1.aspx]
[www.rabbitsreviews.com/s21280/Sweetheart-Video.html]
[www.rabbitsreviews.com/OpenSitef03b.aspx]
[www.rabbitsreviews.com/s2927/Hot-Legs-and-Feet.html]
[www.rabbitsreviews.com/OpenSite1fe0.aspx]
[www.rabbitsreviews.com/s24553/Puffy-Network.html]
[www.rabbitsreviews.com/OpenSitec127.aspx]
[www.rabbitsreviews.com/s5085/Tanda-Housewives.html]
[www.rabbitsreviews.com/OpenSite950b.aspx]
[www.rabbitsreviews.com/s9271/Team-Skeet.html]
[www.rabbitsreviews.com/OpenSitea40c.aspx]
[www.rabbitsreviews.com/s2191/Aunt-Judys.html]
[www.rabbitsreviews.com/OpenSite5487.aspx]
[www.rabbitsreviews.com/SitesSearch118e.aspx]
[www.rabbitsreviews.com/s2606/Cam-Contacts.html]
[www.rabbitsreviews.com/OpenSitee320.aspx]
[www.rabbitsreviews.com/s12200/iCams.html]
[www.rabbitsreviews.com/OpenSite77fc.aspx]
[www.rabbitsreviews.com/s8343/Live-Pimpin.html]
[www.rabbitsreviews.com/OpenSitef0a1.aspx]
[www.rabbitsreviews.com/s24301/Shemalecom.html]
[www.rabbitsreviews.com/OpenSite9b30.aspx]
[www.rabbitsreviews.com/s4874/Strip-Hilo.html]
[www.rabbitsreviews.com/OpenSite51c4.aspx]
[www.rabbitsreviews.com/s6694/Secret-Friends.html]
[www.rabbitsreviews.com/OpenSitec2c5.aspx]
[www.rabbitsreviews.com/s27723/Cams-Creative.html]
[www.rabbitsreviews.com/OpenSite282d.aspx]
[www.rabbitsreviews.com/s1324/Fetish-Galaxy.html]
[www.rabbitsreviews.com/OpenSitece30.aspx]
[www.rabbitsreviews.com/s273/DX-Live.html]
[www.rabbitsreviews.com/OpenSite60bc.aspx]
[www.rabbitsreviews.com/s27613/Play-With-Me.html]
[www.rabbitsreviews.com/OpenSited144.aspx]
[www.rabbitsreviews.com/s10005/Phone-Mates.html]
[www.rabbitsreviews.com/OpenSite1925.aspx]
[www.rabbitsreviews.com/SitesSearch321f.aspx]
[www.rabbitsreviews.com/s3448/Club-Seventeen.html]
[www.rabbitsreviews.com/OpenSitedfeb.aspx]
[www.rabbitsreviews.com/s10331/Tainster.html]
[www.rabbitsreviews.com/OpenSite3c98.aspx]
[www.rabbitsreviews.com/s21254/Sweet-Sinner.html]
[www.rabbitsreviews.com/OpenSite8d8d.aspx]
[www.rabbitsreviews.com/s21194/Give-Me-Teens.html]
[www.rabbitsreviews.com/OpenSite9d24.aspx]
[www.rabbitsreviews.com/s26817/Fantasy-Massage.html]
[www.rabbitsreviews.com/OpenSite3b41.aspx]
[www.rabbitsreviews.com/s21732/TS-Playground.html]
[www.rabbitsreviews.com/OpenSitea6ef.aspx]
[www.rabbitsreviews.com/s22910/Le--Wood.html]
[www.rabbitsreviews.com/OpenSite33fd.aspx]
[www.rabbitsreviews.com/s634/Doghouse-Digital.html]
[www.rabbitsreviews.com/OpenSite6314.aspx]
[www.rabbitsreviews.com/s2933/Hands-On-Hardcore.html]
[www.rabbitsreviews.com/OpenSited05c.aspx]
[www.rabbitsreviews.com/SitesSearched9e.aspx]
[connect.facebook.net/en_US/all.js]
[assets.pinterest.com/js/pinit.js]
[assets.pinterest.com/images/pidgets/pin_it_button.png]
